Archive member included to satisfy reference by file (symbol)

/usr/lib/gcc/arm-none-eabi/13.2.1/thumb/v6-m/nofp/libgcc.a(_dvmd_tls.o)
                              CMakeFiles/helloworld.dir/home/roy/pico-sdk/src/rp2_common/pico_divider/divider_hardware.S.obj (__aeabi_idiv0)
/usr/lib/gcc/arm-none-eabi/13.2.1/../../../arm-none-eabi/lib/thumb/v6-m/nofp/libg.a(libc_a-calloc.o)
                              CMakeFiles/helloworld.dir/home/roy/pico-sdk/src/rp2_common/pico_malloc/malloc.c.obj (calloc)
/usr/lib/gcc/arm-none-eabi/13.2.1/../../../arm-none-eabi/lib/thumb/v6-m/nofp/libg.a(libc_a-impure.o)
                              /usr/lib/gcc/arm-none-eabi/13.2.1/../../../arm-none-eabi/lib/thumb/v6-m/nofp/libg.a(libc_a-calloc.o) (_impure_ptr)
/usr/lib/gcc/arm-none-eabi/13.2.1/../../../arm-none-eabi/lib/thumb/v6-m/nofp/libg.a(libc_a-callocr.o)
                              /usr/lib/gcc/arm-none-eabi/13.2.1/../../../arm-none-eabi/lib/thumb/v6-m/nofp/libg.a(libc_a-calloc.o) (_calloc_r)
/usr/lib/gcc/arm-none-eabi/13.2.1/../../../arm-none-eabi/lib/thumb/v6-m/nofp/libg.a(libc_a-realloc.o)
                              CMakeFiles/helloworld.dir/home/roy/pico-sdk/src/rp2_common/pico_malloc/malloc.c.obj (realloc)
/usr/lib/gcc/arm-none-eabi/13.2.1/../../../arm-none-eabi/lib/thumb/v6-m/nofp/libg.a(libc_a-mallocr.o)
                              /usr/lib/gcc/arm-none-eabi/13.2.1/../../../arm-none-eabi/lib/thumb/v6-m/nofp/libg.a(libc_a-callocr.o) (_malloc_r)
/usr/lib/gcc/arm-none-eabi/13.2.1/../../../arm-none-eabi/lib/thumb/v6-m/nofp/libg.a(libc_a-freer.o)
                              /usr/lib/gcc/arm-none-eabi/13.2.1/../../../arm-none-eabi/lib/thumb/v6-m/nofp/libg.a(libc_a-mallocr.o) (_free_r)
/usr/lib/gcc/arm-none-eabi/13.2.1/../../../arm-none-eabi/lib/thumb/v6-m/nofp/libg.a(libc_a-memcmp.o)
                              CMakeFiles/helloworld.dir/home/roy/pico-sdk/src/rp2_common/pico_atomic/atomic.c.obj (memcmp)
/usr/lib/gcc/arm-none-eabi/13.2.1/../../../arm-none-eabi/lib/thumb/v6-m/nofp/libg.a(libc_a-malloc.o)
                              CMakeFiles/helloworld.dir/home/roy/pico-sdk/src/rp2_common/pico_malloc/malloc.c.obj (malloc)
/usr/lib/gcc/arm-none-eabi/13.2.1/../../../arm-none-eabi/lib/thumb/v6-m/nofp/libg.a(libc_a-sysconf.o)
                              /usr/lib/gcc/arm-none-eabi/13.2.1/../../../arm-none-eabi/lib/thumb/v6-m/nofp/libg.a(libc_a-mallocr.o) (sysconf)
/usr/lib/gcc/arm-none-eabi/13.2.1/../../../arm-none-eabi/lib/thumb/v6-m/nofp/libg.a(libc_a-init.o)
                              /usr/lib/gcc/arm-none-eabi/13.2.1/../../../arm-none-eabi/lib/thumb/v6-m/nofp/crt0.o (__libc_init_array)
/usr/lib/gcc/arm-none-eabi/13.2.1/../../../arm-none-eabi/lib/thumb/v6-m/nofp/libg.a(libc_a-reallocr.o)
                              /usr/lib/gcc/arm-none-eabi/13.2.1/../../../arm-none-eabi/lib/thumb/v6-m/nofp/libg.a(libc_a-realloc.o) (_realloc_r)
/usr/lib/gcc/arm-none-eabi/13.2.1/../../../arm-none-eabi/lib/thumb/v6-m/nofp/libg.a(libc_a-mktime.o)
                              CMakeFiles/helloworld.dir/home/roy/pico-sdk/src/common/pico_util/datetime.c.obj (mktime)
/usr/lib/gcc/arm-none-eabi/13.2.1/../../../arm-none-eabi/lib/thumb/v6-m/nofp/libg.a(libc_a-mlock.o)
                              /usr/lib/gcc/arm-none-eabi/13.2.1/../../../arm-none-eabi/lib/thumb/v6-m/nofp/libg.a(libc_a-mallocr.o) (__malloc_lock)
/usr/lib/gcc/arm-none-eabi/13.2.1/../../../arm-none-eabi/lib/thumb/v6-m/nofp/libg.a(libc_a-findfp.o)
                              /usr/lib/gcc/arm-none-eabi/13.2.1/../../../arm-none-eabi/lib/thumb/v6-m/nofp/libg.a(libc_a-impure.o) (__sf)
/usr/lib/gcc/arm-none-eabi/13.2.1/../../../arm-none-eabi/lib/thumb/v6-m/nofp/libg.a(libc_a-tzlock.o)
                              /usr/lib/gcc/arm-none-eabi/13.2.1/../../../arm-none-eabi/lib/thumb/v6-m/nofp/libg.a(libc_a-mktime.o) (__tz_lock)
/usr/lib/gcc/arm-none-eabi/13.2.1/../../../arm-none-eabi/lib/thumb/v6-m/nofp/libg.a(libc_a-atexit.o)
                              /usr/lib/gcc/arm-none-eabi/13.2.1/../../../arm-none-eabi/lib/thumb/v6-m/nofp/crt0.o (atexit)
/usr/lib/gcc/arm-none-eabi/13.2.1/../../../arm-none-eabi/lib/thumb/v6-m/nofp/libg.a(libc_a-lcltime_r.o)
                              CMakeFiles/helloworld.dir/home/roy/pico-sdk/src/common/pico_util/datetime.c.obj (localtime_r)
/usr/lib/gcc/arm-none-eabi/13.2.1/../../../arm-none-eabi/lib/thumb/v6-m/nofp/libg.a(libc_a-strlen-stub.o)
                              CMakeFiles/helloworld.dir/home/roy/pico-sdk/src/rp2_common/pico_stdio/stdio.c.obj (strlen)
/usr/lib/gcc/arm-none-eabi/13.2.1/../../../arm-none-eabi/lib/thumb/v6-m/nofp/libg.a(libc_a-sbrkr.o)
                              /usr/lib/gcc/arm-none-eabi/13.2.1/../../../arm-none-eabi/lib/thumb/v6-m/nofp/libg.a(libc_a-mallocr.o) (_sbrk_r)
/usr/lib/gcc/arm-none-eabi/13.2.1/../../../arm-none-eabi/lib/thumb/v6-m/nofp/libg.a(libc_a-fini.o)
                              /usr/lib/gcc/arm-none-eabi/13.2.1/../../../arm-none-eabi/lib/thumb/v6-m/nofp/crt0.o (__libc_fini_array)
[...]
Memory Configuration

Name             Origin             Length             Attributes
FLASH            0x10000000         0x00200000         xr
RAM              0x20000000         0x00040000         xrw
SCRATCH_X        0x20040000         0x00001000         xrw
SCRATCH_Y        0x20041000         0x00001000         xrw
*default*        0x00000000         0xffffffff

Linker script and memory map

LOAD /usr/lib/gcc/arm-none-eabi/13.2.1/thumb/v6-m/nofp/crti.o
LOAD /usr/lib/gcc/arm-none-eabi/13.2.1/thumb/v6-m/nofp/crtbegin.o
LOAD /usr/lib/gcc/arm-none-eabi/13.2.1/../../../arm-none-eabi/lib/thumb/v6-m/nofp/crt0.o

.flash_begin    0x10000000        0x0
                0x10000000                        __flash_binary_start = .

.boot2          0x10000000      0x100
                0x10000000                        __boot2_start__ = .
 *(.boot2)
 .boot2         0x10000000      0x100 /tmp/ccPirh57.o
                0x10000100                        __boot2_end__ = .
                0x00000001                        ASSERT (((__boot2_end__ - __boot2_start__) == 0x100), ERROR: Pico second stage bootloader must be 256 bytes in size)

.text           0x10000100     0x49c8
                0x10000100                        __logical_binary_start = .
 *(.vectors)
 .vectors       0x10000100       0xd4 CMakeFiles/helloworld.dir/home/roy/pico-sdk/src/rp2_common/pico_crt0/crt0.S.obj
                0x10000100                __vectors
                0x10000100                __VECTOR_TABLE
                0x100001c0                isr_invalid
                0x100001c0                __default_isrs_start
                0x100001c2                isr_nmi
                0x100001c4                isr_hardfault
                0x100001c6                isr_svcall
                0x100001c8                isr_pendsv
                0x100001ca                isr_systick
                0x100001cc                isr_irq30
                0x100001cc                __unhandled_user_irq
                0x100001cc                isr_irq13
                0x100001cc                isr_irq27
                0x100001cc                isr_irq31
                0x100001cc                isr_irq5
                0x100001cc                isr_irq11
                0x100001cc                isr_irq23
                0x100001cc                isr_irq18
                0x100001cc                isr_irq28
                0x100001cc                isr_irq19
                0x100001cc                isr_irq0
                0x100001cc                isr_irq6
                0x100001cc                isr_irq22
                0x100001cc                isr_irq17
                0x100001cc                isr_irq14
                0x100001cc                isr_irq2
                0x100001cc                isr_irq10
                0x100001cc                isr_irq8
                0x100001cc                isr_irq24
                0x100001cc                isr_irq1
                0x100001cc                isr_irq7
                0x100001cc                isr_irq21
                0x100001cc                isr_irq20
                0x100001cc                isr_irq15
                0x100001cc                isr_irq25
                0x100001cc                isr_irq4
                0x100001cc                isr_irq16
                0x100001cc                isr_irq29
                0x100001cc                isr_irq26
                0x100001cc                __default_isrs_end
                0x100001cc                isr_irq3
                0x100001cc                isr_irq12
                0x100001cc                isr_irq9
                0x100001d2                unhandled_user_irq_num_in_r0
 *(.binary_info_header)
 .binary_info_header
                0x100001d4       0x14 CMakeFiles/helloworld.dir/home/roy/pico-sdk/src/rp2_common/pico_crt0/crt0.S.obj
                0x100001e8                        __binary_info_header_end = .
 *(.embedded_block)
                0x100001e8                        __embedded_block_end = .
 *(.reset)
 .reset         0x100001e8       0x9c CMakeFiles/helloworld.dir/home/roy/pico-sdk/src/rp2_common/pico_crt0/crt0.S.obj
                0x100001e8                _entry_point
 *(.init)
 .init          0x10000284        0x4 /usr/lib/gcc/arm-none-eabi/13.2.1/thumb/v6-m/nofp/crti.o
                0x10000284                _init
 *(EXCLUDE_FILE(*libm.a: *libc.a:*lib_a-mem*.o *libgcc.a:) .text*)
 .text          0x10000288       0x98 /usr/lib/gcc/arm-none-eabi/13.2.1/thumb/v6-m/nofp/crtbegin.o
 .text.startup.main
                0x10000320       0x78 CMakeFiles/helloworld.dir/main.c.obj
                0x10000320                main
 .text.gpio_set_function
                0x10000398       0x34 CMakeFiles/helloworld.dir/home/roy/pico-sdk/src/rp2_common/hardware_gpio/gpio.c.obj
                0x10000398                gpio_set_function
 .text.gpio_set_pulls
                0x100003cc       0x28 CMakeFiles/helloworld.dir/home/roy/pico-sdk/src/rp2_common/hardware_gpio/gpio.c.obj
                0x100003cc                gpio_set_pulls
 .text.gpio_init
                0x100003f4       0x40 CMakeFiles/helloworld.dir/home/roy/pico-sdk/src/rp2_common/hardware_gpio/gpio.c.obj
                0x100003f4                gpio_init
 .text.rp2040_chip_version
                0x10000434        0xc CMakeFiles/helloworld.dir/home/roy/pico-sdk/src/rp2040/pico_platform/platform.c.obj
                0x10000434                rp2040_chip_version
 .text.panic    0x10000440       0x30 CMakeFiles/helloworld.dir/home/roy/pico-sdk/src/rp2_common/pico_platform_panic/panic.c.obj
                0x10000440                panic
 .text.hw_claim_or_assert
                0x10000470       0x44 CMakeFiles/helloworld.dir/home/roy/pico-sdk/src/common/hardware_claim/claim.c.obj
                0x10000470                hw_claim_or_assert
 .text.hw_claim_unused_from_range
                0x100004b4       0x9c CMakeFiles/helloworld.dir/home/roy/pico-sdk/src/common/hardware_claim/claim.c.obj
                0x100004b4                hw_claim_unused_from_range
 .text.next_striped_spin_lock_num
                0x10000550       0x18 CMakeFiles/helloworld.dir/home/roy/pico-sdk/src/rp2_common/hardware_sync/sync.c.obj
                0x10000550                next_striped_spin_lock_num
 .text.spin_lock_claim_unused
                0x10000568       0x24 CMakeFiles/helloworld.dir/home/roy/pico-sdk/src/rp2_common/hardware_sync/sync.c.obj
                0x10000568                spin_lock_claim_unused
 .text.spin_locks_reset
                0x1000058c       0x1c CMakeFiles/helloworld.dir/home/roy/pico-sdk/src/rp2_common/hardware_sync_spin_lock/sync_spin_lock.c.obj
                0x1000058c                spin_locks_reset
 .text.runtime_init_per_core_irq_priorities
                0x100005a8       0x24 CMakeFiles/helloworld.dir/home/roy/pico-sdk/src/rp2_common/hardware_irq/irq.c.obj
                0x100005a8                runtime_init_per_core_irq_priorities
 .text.irq_set_enabled
                0x100005cc       0x24 CMakeFiles/helloworld.dir/home/roy/pico-sdk/src/rp2_common/hardware_irq/irq.c.obj
                0x100005cc                irq_set_enabled
 .text.irq_is_enabled
                0x100005f0       0x18 CMakeFiles/helloworld.dir/home/roy/pico-sdk/src/rp2_common/hardware_irq/irq.c.obj
                0x100005f0                irq_is_enabled
 .text.irq_set_pending
                0x10000608       0x10 CMakeFiles/helloworld.dir/home/roy/pico-sdk/src/rp2_common/hardware_irq/irq.c.obj
                0x10000608                irq_set_pending
 .text.irq_has_shared_handler
                0x10000618       0x2c CMakeFiles/helloworld.dir/home/roy/pico-sdk/src/rp2_common/hardware_irq/irq.c.obj
                0x10000618                irq_has_shared_handler
 .text.irq_set_exclusive_handler
                0x10000644       0x54 CMakeFiles/helloworld.dir/home/roy/pico-sdk/src/rp2_common/hardware_irq/irq.c.obj
                0x10000644                irq_set_exclusive_handler
 .text.irq_add_shared_handler
                0x10000698      0x1f4 CMakeFiles/helloworld.dir/home/roy/pico-sdk/src/rp2_common/hardware_irq/irq.c.obj
                0x10000698                irq_add_shared_handler
 .text.irq_remove_handler
                0x1000088c      0x1d4 CMakeFiles/helloworld.dir/home/roy/pico-sdk/src/rp2_common/hardware_irq/irq.c.obj
                0x1000088c                irq_remove_handler
 .text.irq_add_tail_to_free_list
                0x10000a60       0xb4 CMakeFiles/helloworld.dir/home/roy/pico-sdk/src/rp2_common/hardware_irq/irq.c.obj
                0x10000a60                irq_add_tail_to_free_list
 .text.user_irq_claim_unused
                0x10000b14       0x2c CMakeFiles/helloworld.dir/home/roy/pico-sdk/src/rp2_common/hardware_irq/irq.c.obj
                0x10000b14                user_irq_claim_unused
 .text.lock_init
                0x10000b40       0x10 CMakeFiles/helloworld.dir/home/roy/pico-sdk/src/common/pico_sync/lock_core.c.obj
                0x10000b40                lock_init
 .text.runtime_init_mutex
                0x10000b50       0x50 CMakeFiles/helloworld.dir/home/roy/pico-sdk/src/common/pico_sync/mutex.c.obj
                0x10000b50                runtime_init_mutex
 .text.mutex_init
                0x10000ba0       0x1c CMakeFiles/helloworld.dir/home/roy/pico-sdk/src/common/pico_sync/mutex.c.obj
                0x10000ba0                mutex_init
 .text.critical_section_init
                0x10000bbc       0x1c CMakeFiles/helloworld.dir/home/roy/pico-sdk/src/common/pico_sync/critical_section.c.obj
                0x10000bbc                critical_section_init
 .text.critical_section_init_with_lock_num
                0x10000bd8       0x14 CMakeFiles/helloworld.dir/home/roy/pico-sdk/src/common/pico_sync/critical_section.c.obj
                0x10000bd8                critical_section_init_with_lock_num
 .text.sleep_until_callback
                0x10000bec       0x30 CMakeFiles/helloworld.dir/home/roy/pico-sdk/src/common/pico_time/time.c.obj
 .text.alarm_pool_irq_handler
                0x10000c1c      0x2e4 CMakeFiles/helloworld.dir/home/roy/pico-sdk/src/common/pico_time/time.c.obj
 .text.runtime_init_default_alarm_pool
                0x10000f00       0xdc CMakeFiles/helloworld.dir/home/roy/pico-sdk/src/common/pico_time/time.c.obj
                0x10000f00                runtime_init_default_alarm_pool
 .text.alarm_pool_get_default
                0x10000fdc        0x8 CMakeFiles/helloworld.dir/home/roy/pico-sdk/src/common/pico_time/time.c.obj
                0x10000fdc                alarm_pool_get_default
 .text.alarm_pool_add_alarm_at
                0x10000fe4       0xd4 CMakeFiles/helloworld.dir/home/roy/pico-sdk/src/common/pico_time/time.c.obj
                0x10000fe4                alarm_pool_add_alarm_at
 .text.alarm_pool_add_alarm_at_force_in_context
                0x100010b8       0xb0 CMakeFiles/helloworld.dir/home/roy/pico-sdk/src/common/pico_time/time.c.obj
                0x100010b8                alarm_pool_add_alarm_at_force_in_context
 .text.alarm_pool_cancel_alarm
                0x10001168       0x74 CMakeFiles/helloworld.dir/home/roy/pico-sdk/src/common/pico_time/time.c.obj
                0x10001168                alarm_pool_cancel_alarm
 .text.alarm_pool_core_num
                0x100011dc        0x4 CMakeFiles/helloworld.dir/home/roy/pico-sdk/src/common/pico_time/time.c.obj
                0x100011dc                alarm_pool_core_num
 .text.sleep_until
                0x100011e0       0xd8 CMakeFiles/helloworld.dir/home/roy/pico-sdk/src/common/pico_time/time.c.obj
                0x100011e0                sleep_until
 .text.sleep_ms
                0x100012b8       0x38 CMakeFiles/helloworld.dir/home/roy/pico-sdk/src/common/pico_time/time.c.obj
                0x100012b8                sleep_ms
 .text.best_effort_wfe_or_timeout
                0x100012f0      0x134 CMakeFiles/helloworld.dir/home/roy/pico-sdk/src/common/pico_time/time.c.obj
                0x100012f0                best_effort_wfe_or_timeout
 .text.timer_hardware_alarm_claim
                0x10001424       0x14 CMakeFiles/helloworld.dir/home/roy/pico-sdk/src/rp2_common/hardware_timer/timer.c.obj
                0x10001424                timer_hardware_alarm_claim
 .text.timer_time_us_64
                0x10001438       0x10 CMakeFiles/helloworld.dir/home/roy/pico-sdk/src/rp2_common/hardware_timer/timer.c.obj
                0x10001438                timer_time_us_64
 .text.time_us_64
                0x10001448       0x14 CMakeFiles/helloworld.dir/home/roy/pico-sdk/src/rp2_common/hardware_timer/timer.c.obj
                0x10001448                time_us_64
 .text.busy_wait_us
                0x1000145c       0x68 CMakeFiles/helloworld.dir/home/roy/pico-sdk/src/rp2_common/hardware_timer/timer.c.obj
                0x1000145c                busy_wait_us
 .text.busy_wait_until
                0x100014c4       0x20 CMakeFiles/helloworld.dir/home/roy/pico-sdk/src/rp2_common/hardware_timer/timer.c.obj
                0x100014c4                busy_wait_until
 .text.uart_init
                0x100014e4      0x120 CMakeFiles/helloworld.dir/home/roy/pico-sdk/src/rp2_common/hardware_uart/uart.c.obj
                0x100014e4                uart_init
 .text.clock_configure_int_divider
                0x10001604       0xf4 CMakeFiles/helloworld.dir/home/roy/pico-sdk/src/rp2_common/hardware_clocks/clocks.c.obj
                0x10001604                clock_configure_int_divider
 .text.clock_configure_undivided
                0x100016f8       0xe8 CMakeFiles/helloworld.dir/home/roy/pico-sdk/src/rp2_common/hardware_clocks/clocks.c.obj
                0x100016f8                clock_configure_undivided
 .text.clock_get_hz
                0x100017e0        0xc CMakeFiles/helloworld.dir/home/roy/pico-sdk/src/rp2_common/hardware_clocks/clocks.c.obj
                0x100017e0                clock_get_hz
 .text.pll_init
                0x100017ec       0xa4 CMakeFiles/helloworld.dir/home/roy/pico-sdk/src/rp2_common/hardware_pll/pll.c.obj
                0x100017ec                pll_init
 .text.watchdog_reboot
                0x10001890       0x9c CMakeFiles/helloworld.dir/home/roy/pico-sdk/src/rp2_common/hardware_watchdog/watchdog.c.obj
                0x10001890                watchdog_reboot
 .text.tick_start
                0x1000192c       0x10 CMakeFiles/helloworld.dir/home/roy/pico-sdk/src/rp2_common/hardware_ticks/ticks.c.obj
                0x1000192c                tick_start
 .text.xosc_init
                0x1000193c       0x28 CMakeFiles/helloworld.dir/home/roy/pico-sdk/src/rp2_common/hardware_xosc/xosc.c.obj
                0x1000193c                xosc_init
 .text.first_per_core_initializer
                0x10001964        0x4 CMakeFiles/helloworld.dir/home/roy/pico-sdk/src/rp2_common/pico_runtime/runtime.c.obj
 .text.hard_assertion_failure
                0x10001968        0xc CMakeFiles/helloworld.dir/home/roy/pico-sdk/src/rp2_common/pico_runtime/runtime.c.obj
                0x10001968                hard_assertion_failure
 .text.runtime_run_initializers
                0x10001974       0x28 CMakeFiles/helloworld.dir/home/roy/pico-sdk/src/rp2_common/pico_runtime/runtime.c.obj
                0x10001974                runtime_run_initializers
 .text.runtime_init_early_resets
                0x1000199c       0x2c CMakeFiles/helloworld.dir/home/roy/pico-sdk/src/rp2_common/pico_runtime_init/runtime_init.c.obj
                0x1000199c                runtime_init_early_resets
 .text.runtime_init_usb_power_down
                0x100019c8       0x1c CMakeFiles/helloworld.dir/home/roy/pico-sdk/src/rp2_common/pico_runtime_init/runtime_init.c.obj
                0x100019c8                runtime_init_usb_power_down
 .text.runtime_init_post_clock_resets
                0x100019e4       0x20 CMakeFiles/helloworld.dir/home/roy/pico-sdk/src/rp2_common/pico_runtime_init/runtime_init.c.obj
                0x100019e4                runtime_init_post_clock_resets
 .text.runtime_init_rp2040_gpio_ie_disable
                0x10001a04       0x14 CMakeFiles/helloworld.dir/home/roy/pico-sdk/src/rp2_common/pico_runtime_init/runtime_init.c.obj
                0x10001a04                runtime_init_rp2040_gpio_ie_disable
 .text.runtime_init_spin_locks_reset
                0x10001a18        0x8 CMakeFiles/helloworld.dir/home/roy/pico-sdk/src/rp2_common/pico_runtime_init/runtime_init.c.obj
                0x10001a18                runtime_init_spin_locks_reset
 .text.runtime_init_install_ram_vector_table
                0x10001a20       0x1c CMakeFiles/helloworld.dir/home/roy/pico-sdk/src/rp2_common/pico_runtime_init/runtime_init.c.obj
                0x10001a20                runtime_init_install_ram_vector_table
 .text.runtime_init_clocks
                0x10001a3c       0xd8 CMakeFiles/helloworld.dir/home/roy/pico-sdk/src/rp2_common/pico_runtime_init/runtime_init_clocks.c.obj
                0x10001a3c                runtime_init_clocks
 .text          0x10001b14       0x10 CMakeFiles/helloworld.dir/home/roy/pico-sdk/src/rp2_common/pico_bit_ops/bit_ops_aeabi.S.obj
 .text.rom_func_lookup
                0x10001b24       0x10 CMakeFiles/helloworld.dir/home/roy/pico-sdk/src/rp2_common/pico_bootrom/bootrom.c.obj
                0x10001b24                rom_func_lookup
 .text.rom_data_lookup
                0x10001b34       0x10 CMakeFiles/helloworld.dir/home/roy/pico-sdk/src/rp2_common/pico_bootrom/bootrom.c.obj
                0x10001b34                rom_data_lookup
 .text.rom_funcs_lookup
                0x10001b44       0x44 CMakeFiles/helloworld.dir/home/roy/pico-sdk/src/rp2_common/pico_bootrom/bootrom.c.obj
                0x10001b44                rom_funcs_lookup
 .text.rom_reset_usb_boot
                0x10001b88       0x20 CMakeFiles/helloworld.dir/home/roy/pico-sdk/src/rp2_common/pico_bootrom/bootrom.c.obj
                0x10001b88                rom_reset_usb_boot
 .text.__wrap___aeabi_uidiv
                0x10001ba8       0x4c CMakeFiles/helloworld.dir/home/roy/pico-sdk/src/rp2_common/pico_divider/divider_hardware.S.obj
                0x10001ba8                __wrap___aeabi_uidiv
                0x10001ba8                __wrap___aeabi_uidivmod
                0x10001ba8                div_u32u32
                0x10001ba8                divmod_u32u32
                0x10001bb0                divmod_u32u32_unsafe
                0x10001bd8                divmod_u32u32_savestate
 .text.__aeabi_double_init
                0x10001bf4       0xa4 CMakeFiles/helloworld.dir/home/roy/pico-sdk/src/rp2_common/pico_double/double_init_rom_rp2040.c.obj
                0x10001bf4                __aeabi_double_init
 .text.double_table_shim_on_use_helper
                0x10001c98       0x2c CMakeFiles/helloworld.dir/home/roy/pico-sdk/src/rp2_common/pico_double/double_v1_rom_shim_rp2040.S.obj
                0x10001c98                double_table_shim_on_use_helper
 .text.__aeabi_lmul
                0x10001cc4       0x32 CMakeFiles/helloworld.dir/home/roy/pico-sdk/src/rp2_common/pico_int64_ops/pico_int64_ops_aeabi.S.obj
                0x10001cc4                __wrap___aeabi_lmul
 *fill*         0x10001cf6        0x2 
 .text.__aeabi_float_init
                0x10001cf8       0x64 CMakeFiles/helloworld.dir/home/roy/pico-sdk/src/rp2_common/pico_float/float_init_rom_rp2040.c.obj
                0x10001cf8                __aeabi_float_init
 .text.float_table_shim_on_use_helper
                0x10001d5c       0x2c CMakeFiles/helloworld.dir/home/roy/pico-sdk/src/rp2_common/pico_float/float_v1_rom_shim_rp2040.S.obj
                0x10001d5c                float_table_shim_on_use_helper
 .text          0x10001d88       0x10 CMakeFiles/helloworld.dir/home/roy/pico-sdk/src/rp2_common/pico_mem_ops/mem_ops_aeabi.S.obj
                0x10001d88                __aeabi_mem_init
 .text.memset   0x10001d98        0xc CMakeFiles/helloworld.dir/home/roy/pico-sdk/src/rp2_common/pico_mem_ops/mem_ops_aeabi.S.obj
                0x10001d98                __wrap_memset
 .text.memcpy   0x10001da4        0xc CMakeFiles/helloworld.dir/home/roy/pico-sdk/src/rp2_common/pico_mem_ops/mem_ops_aeabi.S.obj
                0x10001da4                __wrap___aeabi_memcpy
                0x10001da4                __wrap_memcpy
 .text._out_char
                0x10001db0       0x10 CMakeFiles/helloworld.dir/home/roy/pico-sdk/src/rp2_common/pico_printf/printf.c.obj
 .text.weak_raw_vprintf
                0x10001dc0       0x30 CMakeFiles/helloworld.dir/home/roy/pico-sdk/src/rp2_common/pico_printf/printf.c.obj
                0x10001dc0                weak_raw_vprintf
 .text._exit    0x10001df0        0x4 CMakeFiles/helloworld.dir/home/roy/pico-sdk/src/rp2_common/pico_clib_interface/newlib_interface.c.obj
                0x10001df0                _exit
 .text.exit     0x10001df4        0x8 CMakeFiles/helloworld.dir/home/roy/pico-sdk/src/rp2_common/pico_clib_interface/newlib_interface.c.obj
                0x10001df4                exit
 .text.runtime_init
                0x10001dfc       0x2c CMakeFiles/helloworld.dir/home/roy/pico-sdk/src/rp2_common/pico_clib_interface/newlib_interface.c.obj
                0x10001dfc                runtime_init
 .text.stdio_out_chars_no_crlf
                0x10001e28       0x10 CMakeFiles/helloworld.dir/home/roy/pico-sdk/src/rp2_common/pico_stdio/stdio.c.obj
 .text.stdio_out_chars_crlf
                0x10001e38       0x94 CMakeFiles/helloworld.dir/home/roy/pico-sdk/src/rp2_common/pico_stdio/stdio.c.obj
 .text.stdio_put_string
                0x10001ecc      0x100 CMakeFiles/helloworld.dir/home/roy/pico-sdk/src/rp2_common/pico_stdio/stdio.c.obj
                0x10001ecc                stdio_put_string
 .text.stdio_set_driver_enabled
                0x10001fcc       0x30 CMakeFiles/helloworld.dir/home/roy/pico-sdk/src/rp2_common/pico_stdio/stdio.c.obj
                0x10001fcc                stdio_set_driver_enabled
 .text.stdio_init_all
                0x10001ffc       0x10 CMakeFiles/helloworld.dir/home/roy/pico-sdk/src/rp2_common/pico_stdio/stdio.c.obj
                0x10001ffc                stdio_init_all
 .text.__wrap_putchar
                0x1000200c       0x98 CMakeFiles/helloworld.dir/home/roy/pico-sdk/src/rp2_common/pico_stdio/stdio.c.obj
                0x1000200c                stdio_putchar
                0x1000200c                __wrap_putchar
 .text.__wrap_puts
                0x100020a4       0x3c CMakeFiles/helloworld.dir/home/roy/pico-sdk/src/rp2_common/pico_stdio/stdio.c.obj
                0x100020a4                __wrap_puts
                0x100020a4                stdio_puts
 .text.stdio_uart_out_chars
                0x100020e0       0x4c CMakeFiles/helloworld.dir/home/roy/pico-sdk/src/rp2_common/pico_stdio_uart/stdio_uart.c.obj
 .text.stdio_uart_in_chars
                0x1000212c       0x90 CMakeFiles/helloworld.dir/home/roy/pico-sdk/src/rp2_common/pico_stdio_uart/stdio_uart.c.obj
                0x1000212c                stdio_uart_in_chars
 .text.on_uart_rx
                0x100021bc       0x28 CMakeFiles/helloworld.dir/home/roy/pico-sdk/src/rp2_common/pico_stdio_uart/stdio_uart.c.obj
 .text.stdio_uart_out_flush
                0x100021e4       0x10 CMakeFiles/helloworld.dir/home/roy/pico-sdk/src/rp2_common/pico_stdio_uart/stdio_uart.c.obj
 .text.stdio_uart_set_chars_available_callback
                0x100021f4       0x8c CMakeFiles/helloworld.dir/home/roy/pico-sdk/src/rp2_common/pico_stdio_uart/stdio_uart.c.obj
 .text.stdio_uart_init
                0x10002280       0x50 CMakeFiles/helloworld.dir/home/roy/pico-sdk/src/rp2_common/pico_stdio_uart/stdio_uart.c.obj
                0x10002280                stdio_uart_init
 .text.resetd_init
                0x100022d0        0x4 CMakeFiles/helloworld.dir/home/roy/pico-sdk/src/rp2_common/pico_stdio_usb/reset_interface.c.obj
 .text.resetd_reset
                0x100022d4        0xc CMakeFiles/helloworld.dir/home/roy/pico-sdk/src/rp2_common/pico_stdio_usb/reset_interface.c.obj
 .text.resetd_open
                0x100022e0       0x28 CMakeFiles/helloworld.dir/home/roy/pico-sdk/src/rp2_common/pico_stdio_usb/reset_interface.c.obj
 .text.resetd_xfer_cb
                0x10002308        0x4 CMakeFiles/helloworld.dir/home/roy/pico-sdk/src/rp2_common/pico_stdio_usb/reset_interface.c.obj
 .text.resetd_control_xfer_cb
                0x1000230c       0x54 CMakeFiles/helloworld.dir/home/roy/pico-sdk/src/rp2_common/pico_stdio_usb/reset_interface.c.obj
 .text.tud_descriptor_bos_cb
                0x10002360        0x8 CMakeFiles/helloworld.dir/home/roy/pico-sdk/src/rp2_common/pico_stdio_usb/reset_interface.c.obj
                0x10002360                tud_descriptor_bos_cb
 .text.tud_vendor_control_xfer_cb
                0x10002368       0x34 CMakeFiles/helloworld.dir/home/roy/pico-sdk/src/rp2_common/pico_stdio_usb/reset_interface.c.obj
                0x10002368                tud_vendor_control_xfer_cb
 .text.usbd_app_driver_get_cb
                0x1000239c        0xc CMakeFiles/helloworld.dir/home/roy/pico-sdk/src/rp2_common/pico_stdio_usb/reset_interface.c.obj
                0x1000239c                usbd_app_driver_get_cb
 .text.tud_cdc_line_coding_cb
                0x100023a8       0x28 CMakeFiles/helloworld.dir/home/roy/pico-sdk/src/rp2_common/pico_stdio_usb/reset_interface.c.obj
                0x100023a8                tud_cdc_line_coding_cb
 .text.stdio_usb_set_chars_available_callback
                0x100023d0       0x14 CMakeFiles/helloworld.dir/home/roy/pico-sdk/src/rp2_common/pico_stdio_usb/stdio_usb.c.obj
                0x100023d0                stdio_usb_set_chars_available_callback
 .text.usb_irq  0x100023e4       0x10 CMakeFiles/helloworld.dir/home/roy/pico-sdk/src/rp2_common/pico_stdio_usb/stdio_usb.c.obj
 .text.timer_task
                0x100023f4       0x64 CMakeFiles/helloworld.dir/home/roy/pico-sdk/src/rp2_common/pico_stdio_usb/stdio_usb.c.obj
 .text.stdio_usb_in_chars
                0x10002458       0x90 CMakeFiles/helloworld.dir/home/roy/pico-sdk/src/rp2_common/pico_stdio_usb/stdio_usb.c.obj
                0x10002458                stdio_usb_in_chars
 .text.stdio_usb_out_flush
                0x100024e8       0x50 CMakeFiles/helloworld.dir/home/roy/pico-sdk/src/rp2_common/pico_stdio_usb/stdio_usb.c.obj
 .text.stdio_usb_out_chars
                0x10002538      0x104 CMakeFiles/helloworld.dir/home/roy/pico-sdk/src/rp2_common/pico_stdio_usb/stdio_usb.c.obj
 .text.low_priority_worker_irq
                0x1000263c       0xcc CMakeFiles/helloworld.dir/home/roy/pico-sdk/src/rp2_common/pico_stdio_usb/stdio_usb.c.obj
 .text.stdio_usb_init
                0x10002708       0xe8 CMakeFiles/helloworld.dir/home/roy/pico-sdk/src/rp2_common/pico_stdio_usb/stdio_usb.c.obj
                0x10002708                stdio_usb_init
 .text.tud_descriptor_device_cb
                0x100027f0        0x8 CMakeFiles/helloworld.dir/home/roy/pico-sdk/src/rp2_common/pico_stdio_usb/stdio_usb_descriptors.c.obj
                0x100027f0                tud_descriptor_device_cb
 .text.tud_descriptor_configuration_cb
                0x100027f8        0x8 CMakeFiles/helloworld.dir/home/roy/pico-sdk/src/rp2_common/pico_stdio_usb/stdio_usb_descriptors.c.obj
                0x100027f8                tud_descriptor_configuration_cb
 .text.tud_descriptor_string_cb
                0x10002800       0x78 CMakeFiles/helloworld.dir/home/roy/pico-sdk/src/rp2_common/pico_stdio_usb/stdio_usb_descriptors.c.obj
                0x10002800                tud_descriptor_string_cb
 .text.startup._retrieve_unique_id_on_boot
                0x10002878       0x10 CMakeFiles/helloworld.dir/home/roy/pico-sdk/src/rp2_common/pico_unique_id/unique_id.c.obj
 .text.pico_get_unique_board_id_string
                0x10002888      0x1a8 CMakeFiles/helloworld.dir/home/roy/pico-sdk/src/rp2_common/pico_unique_id/unique_id.c.obj
                0x10002888                pico_get_unique_board_id_string
 .text.flash_get_unique_id
                0x10002a30       0x3c CMakeFiles/helloworld.dir/home/roy/pico-sdk/src/rp2_common/hardware_flash/flash.c.obj
                0x10002a30                flash_get_unique_id
 .text.dcd_init
                0x10002a6c       0x8c CMakeFiles/helloworld.dir/home/roy/pico-sdk/lib/tinyusb/src/portable/raspberrypi/rp2040/dcd_rp2040.c.obj
                0x10002a6c                dcd_init
 .text.dcd_int_enable
                0x10002af8        0xc CMakeFiles/helloworld.dir/home/roy/pico-sdk/lib/tinyusb/src/portable/raspberrypi/rp2040/dcd_rp2040.c.obj
                0x10002af8                dcd_int_enable
 .text.dcd_set_address
                0x10002b04       0x14 CMakeFiles/helloworld.dir/home/roy/pico-sdk/lib/tinyusb/src/portable/raspberrypi/rp2040/dcd_rp2040.c.obj
                0x10002b04                dcd_set_address
 .text.dcd_sof_enable
                0x10002b18       0x1c CMakeFiles/helloworld.dir/home/roy/pico-sdk/lib/tinyusb/src/portable/raspberrypi/rp2040/dcd_rp2040.c.obj
                0x10002b18                dcd_sof_enable
 .text.dcd_edpt0_status_complete
                0x10002b34       0x1c CMakeFiles/helloworld.dir/home/roy/pico-sdk/lib/tinyusb/src/portable/raspberrypi/rp2040/dcd_rp2040.c.obj
                0x10002b34                dcd_edpt0_status_complete
 .text.dcd_edpt_open
                0x10002b50      0x108 CMakeFiles/helloworld.dir/home/roy/pico-sdk/lib/tinyusb/src/portable/raspberrypi/rp2040/dcd_rp2040.c.obj
                0x10002b50                dcd_edpt_open
 .text.dcd_edpt_close_all
                0x10002c58        0x8 CMakeFiles/helloworld.dir/home/roy/pico-sdk/lib/tinyusb/src/portable/raspberrypi/rp2040/dcd_rp2040.c.obj
                0x10002c58                dcd_edpt_close_all
 .text.dcd_edpt_xfer
                0x10002c60       0x24 CMakeFiles/helloworld.dir/home/roy/pico-sdk/lib/tinyusb/src/portable/raspberrypi/rp2040/dcd_rp2040.c.obj
                0x10002c60                dcd_edpt_xfer
 .text.dcd_edpt_stall
                0x10002c84       0x34 CMakeFiles/helloworld.dir/home/roy/pico-sdk/lib/tinyusb/src/portable/raspberrypi/rp2040/dcd_rp2040.c.obj
                0x10002c84                dcd_edpt_stall
 .text.dcd_edpt_clear_stall
                0x10002cb8       0x30 CMakeFiles/helloworld.dir/home/roy/pico-sdk/lib/tinyusb/src/portable/raspberrypi/rp2040/dcd_rp2040.c.obj
                0x10002cb8                dcd_edpt_clear_stall
 .text.rp2040_usb_init
                0x10002ce8       0x40 CMakeFiles/helloworld.dir/home/roy/pico-sdk/lib/tinyusb/src/portable/raspberrypi/rp2040/rp2040_usb.c.obj
                0x10002ce8                rp2040_usb_init
 .text.hw_endpoint_xfer_start
                0x10002d28       0x40 CMakeFiles/helloworld.dir/home/roy/pico-sdk/lib/tinyusb/src/portable/raspberrypi/rp2040/rp2040_usb.c.obj
                0x10002d28                hw_endpoint_xfer_start
 .text.tud_event_hook_cb
                0x10002d68        0x4 CMakeFiles/helloworld.dir/home/roy/pico-sdk/lib/tinyusb/src/device/usbd.c.obj
                0x10002d68                tud_event_hook_cb
 .text.tud_sof_cb
                0x10002d6c        0x4 CMakeFiles/helloworld.dir/home/roy/pico-sdk/lib/tinyusb/src/device/usbd.c.obj
                0x10002d6c                tud_sof_cb
 .text.tud_descriptor_device_qualifier_cb
                0x10002d70        0x4 CMakeFiles/helloworld.dir/home/roy/pico-sdk/lib/tinyusb/src/device/usbd.c.obj
                0x10002d70                tud_descriptor_device_qualifier_cb
 .text.tud_descriptor_other_speed_configuration_cb
                0x10002d74        0x4 CMakeFiles/helloworld.dir/home/roy/pico-sdk/lib/tinyusb/src/device/usbd.c.obj
                0x10002d74                tud_descriptor_other_speed_configuration_cb
 .text.tud_mount_cb
                0x10002d78        0x4 CMakeFiles/helloworld.dir/home/roy/pico-sdk/lib/tinyusb/src/device/usbd.c.obj
                0x10002d78                tud_mount_cb
 .text.tud_umount_cb
                0x10002d7c        0x4 CMakeFiles/helloworld.dir/home/roy/pico-sdk/lib/tinyusb/src/device/usbd.c.obj
                0x10002d7c                tud_umount_cb
 .text.tud_suspend_cb
                0x10002d80        0x4 CMakeFiles/helloworld.dir/home/roy/pico-sdk/lib/tinyusb/src/device/usbd.c.obj
                0x10002d80                tud_suspend_cb
 .text.tud_resume_cb
                0x10002d84        0x4 CMakeFiles/helloworld.dir/home/roy/pico-sdk/lib/tinyusb/src/device/usbd.c.obj
                0x10002d84                tud_resume_cb
 .text.tud_mounted
                0x10002d88       0x10 CMakeFiles/helloworld.dir/home/roy/pico-sdk/lib/tinyusb/src/device/usbd.c.obj
                0x10002d88                tud_mounted
 .text.tud_suspended
                0x10002d98       0x10 CMakeFiles/helloworld.dir/home/roy/pico-sdk/lib/tinyusb/src/device/usbd.c.obj
                0x10002d98                tud_suspended
 .text.tud_init
                0x10002da8       0xe4 CMakeFiles/helloworld.dir/home/roy/pico-sdk/lib/tinyusb/src/device/usbd.c.obj
                0x10002da8                tud_init
 .text.tud_task_ext
                0x10002e8c      0x800 CMakeFiles/helloworld.dir/home/roy/pico-sdk/lib/tinyusb/src/device/usbd.c.obj
                0x10002e8c                tud_task_ext
 .text.usbd_open_edpt_pair
                0x1000368c       0x9c CMakeFiles/helloworld.dir/home/roy/pico-sdk/lib/tinyusb/src/device/usbd.c.obj
                0x1000368c                usbd_open_edpt_pair
 .text.usbd_edpt_open
                0x10003728       0x34 CMakeFiles/helloworld.dir/home/roy/pico-sdk/lib/tinyusb/src/device/usbd.c.obj
                0x10003728                usbd_edpt_open
 .text.usbd_edpt_claim
                0x1000375c       0x28 CMakeFiles/helloworld.dir/home/roy/pico-sdk/lib/tinyusb/src/device/usbd.c.obj
                0x1000375c                usbd_edpt_claim
 .text.usbd_edpt_release
                0x10003784       0x28 CMakeFiles/helloworld.dir/home/roy/pico-sdk/lib/tinyusb/src/device/usbd.c.obj
                0x10003784                usbd_edpt_release
 .text.usbd_edpt_xfer
                0x100037ac       0x4c CMakeFiles/helloworld.dir/home/roy/pico-sdk/lib/tinyusb/src/device/usbd.c.obj
                0x100037ac                usbd_edpt_xfer
 .text.tud_control_status
                0x100037f8       0x2c CMakeFiles/helloworld.dir/home/roy/pico-sdk/lib/tinyusb/src/device/usbd_control.c.obj
                0x100037f8                tud_control_status
 .text.tud_control_xfer
                0x10003824       0xac CMakeFiles/helloworld.dir/home/roy/pico-sdk/lib/tinyusb/src/device/usbd_control.c.obj
                0x10003824                tud_control_xfer
 .text.usbd_control_reset
                0x100038d0       0x14 CMakeFiles/helloworld.dir/home/roy/pico-sdk/lib/tinyusb/src/device/usbd_control.c.obj
                0x100038d0                usbd_control_reset
 .text.usbd_control_set_complete_callback
                0x100038e4        0xc CMakeFiles/helloworld.dir/home/roy/pico-sdk/lib/tinyusb/src/device/usbd_control.c.obj
                0x100038e4                usbd_control_set_complete_callback
 .text.usbd_control_set_request
                0x100038f0       0x1c CMakeFiles/helloworld.dir/home/roy/pico-sdk/lib/tinyusb/src/device/usbd_control.c.obj
                0x100038f0                usbd_control_set_request
 .text.usbd_control_xfer_cb
                0x1000390c       0xec CMakeFiles/helloworld.dir/home/roy/pico-sdk/lib/tinyusb/src/device/usbd_control.c.obj
                0x1000390c                usbd_control_xfer_cb
 .text._prep_out_transaction.isra.0
                0x100039f8       0x5c CMakeFiles/helloworld.dir/home/roy/pico-sdk/lib/tinyusb/src/class/cdc/cdc_device.c.obj
 .text.tud_cdc_n_connected
                0x10003a54       0x30 CMakeFiles/helloworld.dir/home/roy/pico-sdk/lib/tinyusb/src/class/cdc/cdc_device.c.obj
                0x10003a54                tud_cdc_n_connected
 .text.tud_cdc_n_available
                0x10003a84       0x18 CMakeFiles/helloworld.dir/home/roy/pico-sdk/lib/tinyusb/src/class/cdc/cdc_device.c.obj
                0x10003a84                tud_cdc_n_available
 .text.tud_cdc_n_read
                0x10003a9c       0x98 CMakeFiles/helloworld.dir/home/roy/pico-sdk/lib/tinyusb/src/class/cdc/cdc_device.c.obj
                0x10003a9c                tud_cdc_n_read
 .text.tud_cdc_n_write_flush
                0x10003b34       0x78 CMakeFiles/helloworld.dir/home/roy/pico-sdk/lib/tinyusb/src/class/cdc/cdc_device.c.obj
                0x10003b34                tud_cdc_n_write_flush
 .text.tud_cdc_n_write
                0x10003bac       0x40 CMakeFiles/helloworld.dir/home/roy/pico-sdk/lib/tinyusb/src/class/cdc/cdc_device.c.obj
                0x10003bac                tud_cdc_n_write
 .text.tud_cdc_n_write_available
                0x10003bec       0x18 CMakeFiles/helloworld.dir/home/roy/pico-sdk/lib/tinyusb/src/class/cdc/cdc_device.c.obj
                0x10003bec                tud_cdc_n_write_available
 .text.cdcd_init
                0x10003c04       0x7c CMakeFiles/helloworld.dir/home/roy/pico-sdk/lib/tinyusb/src/class/cdc/cdc_device.c.obj
                0x10003c04                cdcd_init
 .text.cdcd_deinit
                0x10003c80       0x34 CMakeFiles/helloworld.dir/home/roy/pico-sdk/lib/tinyusb/src/class/cdc/cdc_device.c.obj
                0x10003c80                cdcd_deinit
 .text.cdcd_reset
                0x10003cb4       0x4c CMakeFiles/helloworld.dir/home/roy/pico-sdk/lib/tinyusb/src/class/cdc/cdc_device.c.obj
                0x10003cb4                cdcd_reset
 .text.cdcd_open
                0x10003d00       0xb0 CMakeFiles/helloworld.dir/home/roy/pico-sdk/lib/tinyusb/src/class/cdc/cdc_device.c.obj
                0x10003d00                cdcd_open
 .text.cdcd_control_xfer_cb
                0x10003db0       0xe4 CMakeFiles/helloworld.dir/home/roy/pico-sdk/lib/tinyusb/src/class/cdc/cdc_device.c.obj
                0x10003db0                cdcd_control_xfer_cb
 .text.cdcd_xfer_cb
                0x10003e94      0x100 CMakeFiles/helloworld.dir/home/roy/pico-sdk/lib/tinyusb/src/class/cdc/cdc_device.c.obj
                0x10003e94                cdcd_xfer_cb
 .text.tud_vendor_n_write_flush
                0x10003f94       0x78 CMakeFiles/helloworld.dir/home/roy/pico-sdk/lib/tinyusb/src/class/vendor/vendor_device.c.obj
                0x10003f94                tud_vendor_n_write_flush
 .text.vendord_init
                0x1000400c       0x64 CMakeFiles/helloworld.dir/home/roy/pico-sdk/lib/tinyusb/src/class/vendor/vendor_device.c.obj
                0x1000400c                vendord_init
 .text.vendord_deinit
                0x10004070       0x34 CMakeFiles/helloworld.dir/home/roy/pico-sdk/lib/tinyusb/src/class/vendor/vendor_device.c.obj
                0x10004070                vendord_deinit
 .text.vendord_reset
                0x100040a4       0x1c CMakeFiles/helloworld.dir/home/roy/pico-sdk/lib/tinyusb/src/class/vendor/vendor_device.c.obj
                0x100040a4                vendord_reset
 .text.vendord_open
                0x100040c0       0xd8 CMakeFiles/helloworld.dir/home/roy/pico-sdk/lib/tinyusb/src/class/vendor/vendor_device.c.obj
                0x100040c0                vendord_open
 .text.vendord_xfer_cb
                0x10004198       0xc8 CMakeFiles/helloworld.dir/home/roy/pico-sdk/lib/tinyusb/src/class/vendor/vendor_device.c.obj
                0x10004198                vendord_xfer_cb
 .text.tusb_init
                0x10004260        0xc CMakeFiles/helloworld.dir/home/roy/pico-sdk/lib/tinyusb/src/tusb.c.obj
                0x10004260                tusb_init
 .text.tu_edpt_claim
                0x1000426c       0x50 CMakeFiles/helloworld.dir/home/roy/pico-sdk/lib/tinyusb/src/tusb.c.obj
                0x1000426c                tu_edpt_claim
 .text.tu_edpt_release
                0x100042bc       0x38 CMakeFiles/helloworld.dir/home/roy/pico-sdk/lib/tinyusb/src/tusb.c.obj
                0x100042bc                tu_edpt_release
 .text.tu_edpt_validate
                0x100042f4       0x7c CMakeFiles/helloworld.dir/home/roy/pico-sdk/lib/tinyusb/src/tusb.c.obj
                0x100042f4                tu_edpt_validate
 .text.tu_edpt_bind_driver
                0x10004370       0x34 CMakeFiles/helloworld.dir/home/roy/pico-sdk/lib/tinyusb/src/tusb.c.obj
                0x10004370                tu_edpt_bind_driver
 .text.tu_fifo_config
                0x100043a4       0x6c CMakeFiles/helloworld.dir/home/roy/pico-sdk/lib/tinyusb/src/common/tusb_fifo.c.obj
                0x100043a4                tu_fifo_config
 .text.tu_fifo_count
                0x10004410       0x2c CMakeFiles/helloworld.dir/home/roy/pico-sdk/lib/tinyusb/src/common/tusb_fifo.c.obj
                0x10004410                tu_fifo_count
 .text.tu_fifo_empty
                0x1000443c       0x10 CMakeFiles/helloworld.dir/home/roy/pico-sdk/lib/tinyusb/src/common/tusb_fifo.c.obj
                0x1000443c                tu_fifo_empty
 .text.tu_fifo_remaining
                0x1000444c       0x2c CMakeFiles/helloworld.dir/home/roy/pico-sdk/lib/tinyusb/src/common/tusb_fifo.c.obj
                0x1000444c                tu_fifo_remaining
 .text.tu_fifo_read
                0x10004478       0x9c CMakeFiles/helloworld.dir/home/roy/pico-sdk/lib/tinyusb/src/common/tusb_fifo.c.obj
                0x10004478                tu_fifo_read
 .text.tu_fifo_read_n
                0x10004514       0xe8 CMakeFiles/helloworld.dir/home/roy/pico-sdk/lib/tinyusb/src/common/tusb_fifo.c.obj
                0x10004514                tu_fifo_read_n
 .text.tu_fifo_write
                0x100045fc       0xa8 CMakeFiles/helloworld.dir/home/roy/pico-sdk/lib/tinyusb/src/common/tusb_fifo.c.obj
                0x100045fc                tu_fifo_write
 .text.tu_fifo_write_n
                0x100046a4      0x178 CMakeFiles/helloworld.dir/home/roy/pico-sdk/lib/tinyusb/src/common/tusb_fifo.c.obj
                0x100046a4                tu_fifo_write_n
 .text.tu_fifo_clear
                0x1000481c       0x40 CMakeFiles/helloworld.dir/home/roy/pico-sdk/lib/tinyusb/src/common/tusb_fifo.c.obj
                0x1000481c                tu_fifo_clear
 .text.tu_fifo_set_overwritable
                0x1000485c       0x48 CMakeFiles/helloworld.dir/home/roy/pico-sdk/lib/tinyusb/src/common/tusb_fifo.c.obj
                0x1000485c                tu_fifo_set_overwritable
 .text          0x100048a4       0x10 /usr/lib/gcc/arm-none-eabi/13.2.1/../../../arm-none-eabi/lib/thumb/v6-m/nofp/libg.a(libc_a-atexit.o)
                0x100048a4                atexit
 .text          0x100048b4       0x5c /usr/lib/gcc/arm-none-eabi/13.2.1/../../../arm-none-eabi/lib/thumb/v6-m/nofp/libg.a(libc_a-strlen-stub.o)
                0x100048b4                strlen
 .text          0x10004910       0x28 /usr/lib/gcc/arm-none-eabi/13.2.1/../../../arm-none-eabi/lib/thumb/v6-m/nofp/libg.a(libc_a-fini.o)
                0x10004910                __libc_fini_array
 .text          0x10004938       0x78 /usr/lib/gcc/arm-none-eabi/13.2.1/../../../arm-none-eabi/lib/thumb/v6-m/nofp/libg.a(libc_a-__atexit.o)
                0x10004938                __register_exitproc
 .text.startup  0x100049b0       0x18 /usr/lib/gcc/arm-none-eabi/13.2.1/../../../arm-none-eabi/lib/thumb/v6-m/nofp/libg.a(libc_a-__call_atexit.o)
 *(.fini)
 .fini          0x100049c8        0x4 /usr/lib/gcc/arm-none-eabi/13.2.1/thumb/v6-m/nofp/crti.o
                0x100049c8                _fini
 *fill*         0x100049cc        0x4 
 .fini.__stub   0x100049d0       0xb0 linker stubs
 *crtbegin.o(.ctors)
 *crtbegin?.o(.ctors)
 *(EXCLUDE_FILE(*crtend.o *crtend?.o) .ctors)
 *(SORT_BY_NAME(.ctors.*))
 *(.ctors)
 *crtbegin.o(.dtors)
 *crtbegin?.o(.dtors)
 *(EXCLUDE_FILE(*crtend.o *crtend?.o) .dtors)
 *(SORT_BY_NAME(.dtors.*))
 *(.dtors)
                0x10004a80                        . = ALIGN (0x4)
                0x10004a80                        PROVIDE (__preinit_array_start = .)
 *(SORT_BY_NAME(.preinit_array.*))
 .preinit_array.00100
                0x10004a80        0x4 CMakeFiles/helloworld.dir/home/roy/pico-sdk/src/rp2_common/pico_runtime_init/runtime_init.c.obj
                0x10004a80                __pre_init_runtime_init_early_resets
 .preinit_array.00101
                0x10004a84        0x4 CMakeFiles/helloworld.dir/home/roy/pico-sdk/src/rp2_common/pico_runtime_init/runtime_init.c.obj
                0x10004a84                __pre_init_runtime_init_usb_power_down
 .preinit_array.00275
                0x10004a88        0x4 CMakeFiles/helloworld.dir/home/roy/pico-sdk/src/rp2_common/pico_bit_ops/bit_ops_aeabi.S.obj
 .preinit_array.00300
                0x10004a8c        0x4 CMakeFiles/helloworld.dir/home/roy/pico-sdk/src/rp2_common/pico_mem_ops/mem_ops_aeabi.S.obj
 .preinit_array.00350
                0x10004a90        0x4 CMakeFiles/helloworld.dir/home/roy/pico-sdk/src/rp2_common/pico_double/double_aeabi_rp2040.S.obj
 .preinit_array.00350
                0x10004a94        0x4 CMakeFiles/helloworld.dir/home/roy/pico-sdk/src/rp2_common/pico_float/float_aeabi_rp2040.S.obj
 .preinit_array.00500
                0x10004a98        0x4 CMakeFiles/helloworld.dir/home/roy/pico-sdk/src/rp2_common/pico_runtime_init/runtime_init.c.obj
                0x10004a98                __pre_init_runtime_init_clocks
 .preinit_array.00600
                0x10004a9c        0x4 CMakeFiles/helloworld.dir/home/roy/pico-sdk/src/rp2_common/pico_runtime_init/runtime_init.c.obj
                0x10004a9c                __pre_init_runtime_init_post_clock_resets
 .preinit_array.00700
                0x10004aa0        0x4 CMakeFiles/helloworld.dir/home/roy/pico-sdk/src/rp2_common/pico_runtime_init/runtime_init.c.obj
                0x10004aa0                __pre_init_runtime_init_rp2040_gpio_ie_disable
 .preinit_array.01000
                0x10004aa4        0x4 CMakeFiles/helloworld.dir/home/roy/pico-sdk/src/rp2_common/pico_runtime_init/runtime_init.c.obj
                0x10004aa4                __pre_init_runtime_init_spin_locks_reset
 .preinit_array.01100
                0x10004aa8        0x4 CMakeFiles/helloworld.dir/home/roy/pico-sdk/src/common/pico_sync/mutex.c.obj
                0x10004aa8                __pre_init_runtime_init_mutex
 .preinit_array.10080
                0x10004aac        0x4 CMakeFiles/helloworld.dir/home/roy/pico-sdk/src/rp2_common/pico_runtime_init/runtime_init.c.obj
                0x10004aac                __pre_init_runtime_init_install_ram_vector_table
 .preinit_array.11000
                0x10004ab0        0x4 CMakeFiles/helloworld.dir/home/roy/pico-sdk/src/common/pico_time/time.c.obj
                0x10004ab0                __pre_init_runtime_init_default_alarm_pool
 .preinit_array.YYYYY
                0x10004ab4        0x4 CMakeFiles/helloworld.dir/home/roy/pico-sdk/src/rp2_common/pico_runtime/runtime.c.obj
                0x10004ab4                __pre_init_first_per_core_initializer
 .preinit_array.ZZZZZ.01200
                0x10004ab8        0x4 CMakeFiles/helloworld.dir/home/roy/pico-sdk/src/rp2_common/hardware_irq/irq.c.obj
                0x10004ab8                __pre_init_runtime_init_per_core_irq_priorities
 *(.preinit_array)
                0x10004abc                        PROVIDE (__preinit_array_end = .)
                0x10004abc                        . = ALIGN (0x4)
                0x10004abc                        PROVIDE (__init_array_start = .)
 *(SORT_BY_NAME(.init_array.*))
 .init_array.00000
                0x10004abc        0x4 /usr/lib/gcc/arm-none-eabi/13.2.1/../../../arm-none-eabi/lib/thumb/v6-m/nofp/libg.a(libc_a-__call_atexit.o)
 *(.init_array)
 .init_array    0x10004ac0        0x4 /usr/lib/gcc/arm-none-eabi/13.2.1/thumb/v6-m/nofp/crtbegin.o
 .init_array    0x10004ac4        0x4 CMakeFiles/helloworld.dir/home/roy/pico-sdk/src/rp2_common/pico_unique_id/unique_id.c.obj
                0x10004ac8                        PROVIDE (__init_array_end = .)
                0x10004ac8                        . = ALIGN (0x4)
                0x10004ac8                        PROVIDE (__fini_array_start = .)
 *(SORT_BY_NAME(.fini_array.*))
 *(.fini_array)
                0x10004ac8                        PROVIDE (__fini_array_end = .)
 *(.eh_frame*)
 .eh_frame      0x10004ac8        0x0 /usr/lib/gcc/arm-none-eabi/13.2.1/thumb/v6-m/nofp/crtbegin.o
                0x10004ac8                        . = ALIGN (0x4)

.glue_7         0x10004ac8        0x0
 .glue_7        0x10004ac8        0x0 linker stubs

.glue_7t        0x10004ac8        0x0
 .glue_7t       0x10004ac8        0x0 linker stubs

.vfp11_veneer   0x10004ac8        0x0
 .vfp11_veneer  0x10004ac8        0x0 linker stubs

.v4_bx          0x10004ac8        0x0
 .v4_bx         0x10004ac8        0x0 linker stubs

.iplt           0x10004ac8        0x0
 .iplt          0x10004ac8        0x0 /usr/lib/gcc/arm-none-eabi/13.2.1/thumb/v6-m/nofp/crtbegin.o

.rodata         0x10004ac8      0x45c
 *(EXCLUDE_FILE(*libm.a: *libc.a:*lib_a-mem*.o *libgcc.a:) .rodata*)
 .rodata.main.str1.4
                0x10004ac8      0x194 CMakeFiles/helloworld.dir/main.c.obj
                                 0x1e (size before relaxing)
 .rodata.panic.str1.4
                0x10004c5c       0x12 CMakeFiles/helloworld.dir/home/roy/pico-sdk/src/rp2_common/pico_platform_panic/panic.c.obj
 .rodata.spin_lock_claim_unused.str1.4
                0x10004c5c       0x1b CMakeFiles/helloworld.dir/home/roy/pico-sdk/src/rp2_common/hardware_sync/sync.c.obj
 .rodata.user_irq_claim_unused.str1.4
                0x10004c5c       0x1b CMakeFiles/helloworld.dir/home/roy/pico-sdk/src/rp2_common/hardware_irq/irq.c.obj
 .rodata.timer_hardware_alarm_claim.str1.4
                0x10004c5c       0x22 CMakeFiles/helloworld.dir/home/roy/pico-sdk/src/rp2_common/hardware_timer/timer.c.obj
 .rodata.hard_assertion_failure.str1.4
                0x10004c5c        0xc CMakeFiles/helloworld.dir/home/roy/pico-sdk/src/rp2_common/pico_runtime/runtime.c.obj
 .rodata.str1.4
                0x10004c5c       0x30 CMakeFiles/helloworld.dir/home/roy/pico-sdk/src/rp2_common/pico_standard_binary_info/standard_binary_info.c.obj
 .rodata.__bi_84
                0x10004c5c        0xc CMakeFiles/helloworld.dir/home/roy/pico-sdk/src/rp2_common/pico_standard_binary_info/standard_binary_info.c.obj
 .rodata.__bi_54
                0x10004c68        0xc CMakeFiles/helloworld.dir/home/roy/pico-sdk/src/rp2_common/pico_standard_binary_info/standard_binary_info.c.obj
 .rodata.__bi_48
                0x10004c74        0xc CMakeFiles/helloworld.dir/home/roy/pico-sdk/src/rp2_common/pico_standard_binary_info/standard_binary_info.c.obj
 .rodata.__bi_42
                0x10004c80        0xc CMakeFiles/helloworld.dir/home/roy/pico-sdk/src/rp2_common/pico_standard_binary_info/standard_binary_info.c.obj
 .rodata.__bi_34
                0x10004c8c        0xc CMakeFiles/helloworld.dir/home/roy/pico-sdk/src/rp2_common/pico_standard_binary_info/standard_binary_info.c.obj
 .rodata.__bi_26
                0x10004c98        0xc CMakeFiles/helloworld.dir/home/roy/pico-sdk/src/rp2_common/pico_standard_binary_info/standard_binary_info.c.obj
 .rodata.crlf_str.0
                0x10004ca4        0x2 CMakeFiles/helloworld.dir/home/roy/pico-sdk/src/rp2_common/pico_stdio/stdio.c.obj
 .rodata.str1.4
                0x10004ca6       0x2c CMakeFiles/helloworld.dir/home/roy/pico-sdk/src/rp2_common/pico_stdio_uart/stdio_uart.c.obj
 *fill*         0x10004ca6        0x2 
 .rodata.__bi_45.4
                0x10004ca8        0xc CMakeFiles/helloworld.dir/home/roy/pico-sdk/src/rp2_common/pico_stdio_uart/stdio_uart.c.obj
 .rodata.__bi_49.5
                0x10004cb4        0x8 CMakeFiles/helloworld.dir/home/roy/pico-sdk/src/rp2_common/pico_stdio_uart/stdio_uart.c.obj
 .rodata.__bi_50.6
                0x10004cbc        0x8 CMakeFiles/helloworld.dir/home/roy/pico-sdk/src/rp2_common/pico_stdio_uart/stdio_uart.c.obj
 .rodata._resetd_driver
                0x10004cc4       0x20 CMakeFiles/helloworld.dir/home/roy/pico-sdk/src/rp2_common/pico_stdio_usb/reset_interface.c.obj
 .rodata.desc_ms_os_20
                0x10004ce4       0xa6 CMakeFiles/helloworld.dir/home/roy/pico-sdk/src/rp2_common/pico_stdio_usb/reset_interface.c.obj
 *fill*         0x10004d8a        0x2 
 .rodata.desc_bos
                0x10004d8c       0x21 CMakeFiles/helloworld.dir/home/roy/pico-sdk/src/rp2_common/pico_stdio_usb/reset_interface.c.obj
                0x10004d8c                desc_bos
 .rodata.str1.4
                0x10004dad       0x13 CMakeFiles/helloworld.dir/home/roy/pico-sdk/src/rp2_common/pico_stdio_usb/stdio_usb.c.obj
 *fill*         0x10004dad        0x3 
 .rodata.__bi_197.0
                0x10004db0        0xc CMakeFiles/helloworld.dir/home/roy/pico-sdk/src/rp2_common/pico_stdio_usb/stdio_usb.c.obj
 .rodata.str1.4
                0x10004dbc       0x2a CMakeFiles/helloworld.dir/home/roy/pico-sdk/src/rp2_common/pico_stdio_usb/stdio_usb_descriptors.c.obj
 .rodata.usbd_desc_str
                0x10004dbc       0x18 CMakeFiles/helloworld.dir/home/roy/pico-sdk/src/rp2_common/pico_stdio_usb/stdio_usb_descriptors.c.obj
 .rodata.usbd_desc_cfg
                0x10004dd4       0x54 CMakeFiles/helloworld.dir/home/roy/pico-sdk/src/rp2_common/pico_stdio_usb/stdio_usb_descriptors.c.obj
 .rodata.usbd_desc_device
                0x10004e28       0x12 CMakeFiles/helloworld.dir/home/roy/pico-sdk/src/rp2_common/pico_stdio_usb/stdio_usb_descriptors.c.obj
 .rodata.str1.4
                0x10004e3a       0x14 CMakeFiles/helloworld.dir/home/roy/pico-sdk/lib/tinyusb/src/portable/raspberrypi/rp2040/dcd_rp2040.c.obj
 .rodata.str1.4
                0x10004e3a       0x48 CMakeFiles/helloworld.dir/home/roy/pico-sdk/lib/tinyusb/src/portable/raspberrypi/rp2040/rp2040_usb.c.obj
 *fill*         0x10004e3a        0x2 
 .rodata.tud_task_ext
                0x10004e3c       0x8c CMakeFiles/helloworld.dir/home/roy/pico-sdk/lib/tinyusb/src/device/usbd.c.obj
 .rodata        0x10004ec8       0x1c CMakeFiles/helloworld.dir/home/roy/pico-sdk/lib/tinyusb/src/device/usbd.c.obj
 .rodata._usbd_driver
                0x10004ee4       0x40 CMakeFiles/helloworld.dir/home/roy/pico-sdk/lib/tinyusb/src/device/usbd.c.obj
                0x10004f24                        . = ALIGN (0x4)
 *(SORT_BY_ALIGNMENT(SORT_BY_NAME(.flashdata*)))
                0x10004f24                        . = ALIGN (0x4)

.ARM.extab
 *(.ARM.extab* .gnu.linkonce.armextab.*)
                0x10004f24                        __exidx_start = .

.ARM.exidx
 *(.ARM.exidx* .gnu.linkonce.armexidx.*)
                0x10004f24                        __exidx_end = .
                0x10004f24                        . = ALIGN (0x4)
                0x10004f24                        __binary_info_start = .

.binary_info    0x10004f24       0x28
 *(.binary_info.keep.*)
 .binary_info.keep.__bi_ptr84
                0x10004f24        0x4 CMakeFiles/helloworld.dir/home/roy/pico-sdk/src/rp2_common/pico_standard_binary_info/standard_binary_info.c.obj
 .binary_info.keep.__bi_ptr54
                0x10004f28        0x4 CMakeFiles/helloworld.dir/home/roy/pico-sdk/src/rp2_common/pico_standard_binary_info/standard_binary_info.c.obj
 .binary_info.keep.__bi_ptr48
                0x10004f2c        0x4 CMakeFiles/helloworld.dir/home/roy/pico-sdk/src/rp2_common/pico_standard_binary_info/standard_binary_info.c.obj
 .binary_info.keep.__bi_ptr42
                0x10004f30        0x4 CMakeFiles/helloworld.dir/home/roy/pico-sdk/src/rp2_common/pico_standard_binary_info/standard_binary_info.c.obj
 .binary_info.keep.__bi_ptr34
                0x10004f34        0x4 CMakeFiles/helloworld.dir/home/roy/pico-sdk/src/rp2_common/pico_standard_binary_info/standard_binary_info.c.obj
 .binary_info.keep.__bi_ptr26
                0x10004f38        0x4 CMakeFiles/helloworld.dir/home/roy/pico-sdk/src/rp2_common/pico_standard_binary_info/standard_binary_info.c.obj
 *(.binary_info.*)
 .binary_info.__bi_ptr50
                0x10004f3c        0x4 CMakeFiles/helloworld.dir/home/roy/pico-sdk/src/rp2_common/pico_stdio_uart/stdio_uart.c.obj
 .binary_info.__bi_ptr49
                0x10004f40        0x4 CMakeFiles/helloworld.dir/home/roy/pico-sdk/src/rp2_common/pico_stdio_uart/stdio_uart.c.obj
 .binary_info.__bi_ptr45
                0x10004f44        0x4 CMakeFiles/helloworld.dir/home/roy/pico-sdk/src/rp2_common/pico_stdio_uart/stdio_uart.c.obj
 .binary_info.__bi_ptr197
                0x10004f48        0x4 CMakeFiles/helloworld.dir/home/roy/pico-sdk/src/rp2_common/pico_stdio_usb/stdio_usb.c.obj
                0x10004f4c                        __binary_info_end = .

.rel.dyn        0x10004f4c        0x0
 .rel.iplt      0x10004f4c        0x0 /usr/lib/gcc/arm-none-eabi/13.2.1/thumb/v6-m/nofp/crtbegin.o
                0x10004f4c                        . = ALIGN (0x4)

.ram_vector_table
                0x20000000       0xc0
 *(.ram_vector_table)
 .ram_vector_table
                0x20000000       0xc0 CMakeFiles/helloworld.dir/home/roy/pico-sdk/src/rp2_common/pico_runtime_init/runtime_init.c.obj
                0x20000000                ram_vector_table

.uninitialized_data
                0x200000c0        0x0
                0x200000c0                        . = ALIGN (0x4)
 *(.uninitialized_data*)

.data           0x200000c0      0xfb8 load address 0x10004f4c
                0x200000c0                        __data_start__ = .
 *(vtable)
 *(.time_critical*)
 .time_critical.mutex_try_enter
                0x200000c0       0x40 CMakeFiles/helloworld.dir/home/roy/pico-sdk/src/common/pico_sync/mutex.c.obj
                0x200000c0                mutex_try_enter
 .time_critical.mutex_try_enter_block_until
                0x20000100       0x9c CMakeFiles/helloworld.dir/home/roy/pico-sdk/src/common/pico_sync/mutex.c.obj
                0x20000100                mutex_try_enter_block_until
 .time_critical.mutex_enter_timeout_ms
                0x2000019c       0x90 CMakeFiles/helloworld.dir/home/roy/pico-sdk/src/common/pico_sync/mutex.c.obj
                0x2000019c                mutex_enter_timeout_ms
 .time_critical.mutex_exit
                0x2000022c       0x28 CMakeFiles/helloworld.dir/home/roy/pico-sdk/src/common/pico_sync/mutex.c.obj
                0x2000022c                mutex_exit
 .time_critical.flash_init_boot2_copyout
                0x20000254       0x30 CMakeFiles/helloworld.dir/home/roy/pico-sdk/src/rp2_common/hardware_flash/flash.c.obj
 .time_critical.flash_enable_xip_via_boot2
                0x20000284        0xc CMakeFiles/helloworld.dir/home/roy/pico-sdk/src/rp2_common/hardware_flash/flash.c.obj
 .time_critical.flash_cs_force
                0x20000290       0x38 CMakeFiles/helloworld.dir/home/roy/pico-sdk/src/rp2_common/hardware_flash/flash.c.obj
 .time_critical.flash_do_cmd
                0x200002c8       0xc0 CMakeFiles/helloworld.dir/home/roy/pico-sdk/src/rp2_common/hardware_flash/flash.c.obj
                0x200002c8                flash_do_cmd
 .time_critical.reset_non_control_endpoints
                0x20000388       0x68 CMakeFiles/helloworld.dir/home/roy/pico-sdk/lib/tinyusb/src/portable/raspberrypi/rp2040/dcd_rp2040.c.obj
 .time_critical.hw_handle_buff_status
                0x200003f0       0xb0 CMakeFiles/helloworld.dir/home/roy/pico-sdk/lib/tinyusb/src/portable/raspberrypi/rp2040/dcd_rp2040.c.obj
 .time_critical.dcd_rp2040_irq
                0x200004a0      0x578 CMakeFiles/helloworld.dir/home/roy/pico-sdk/lib/tinyusb/src/portable/raspberrypi/rp2040/dcd_rp2040.c.obj
 .time_critical.prepare_ep_buffer
                0x20000a18       0xe0 CMakeFiles/helloworld.dir/home/roy/pico-sdk/lib/tinyusb/src/portable/raspberrypi/rp2040/rp2040_usb.c.obj
 .time_critical.sync_ep_buffer
                0x20000af8       0xa8 CMakeFiles/helloworld.dir/home/roy/pico-sdk/lib/tinyusb/src/portable/raspberrypi/rp2040/rp2040_usb.c.obj
 .time_critical._hw_endpoint_xfer_sync
                0x20000ba0       0x28 CMakeFiles/helloworld.dir/home/roy/pico-sdk/lib/tinyusb/src/portable/raspberrypi/rp2040/rp2040_usb.c.obj
 .time_critical.e15_is_bulkin_ep
                0x20000bc8       0x28 CMakeFiles/helloworld.dir/home/roy/pico-sdk/lib/tinyusb/src/portable/raspberrypi/rp2040/rp2040_usb.c.obj
 .time_critical.e15_is_critical_frame_period
                0x20000bf0       0x34 CMakeFiles/helloworld.dir/home/roy/pico-sdk/lib/tinyusb/src/portable/raspberrypi/rp2040/rp2040_usb.c.obj
 .time_critical.hw_endpoint_reset_transfer
                0x20000c24        0xc CMakeFiles/helloworld.dir/home/roy/pico-sdk/lib/tinyusb/src/portable/raspberrypi/rp2040/rp2040_usb.c.obj
                0x20000c24                hw_endpoint_reset_transfer
 .time_critical._hw_endpoint_buffer_control_update32
                0x20000c30       0x50 CMakeFiles/helloworld.dir/home/roy/pico-sdk/lib/tinyusb/src/portable/raspberrypi/rp2040/rp2040_usb.c.obj
                0x20000c30                _hw_endpoint_buffer_control_update32
 .time_critical.hw_endpoint_start_next_buffer
                0x20000c80       0x6c CMakeFiles/helloworld.dir/home/roy/pico-sdk/lib/tinyusb/src/portable/raspberrypi/rp2040/rp2040_usb.c.obj
                0x20000c80                hw_endpoint_start_next_buffer
 .time_critical.hw_endpoint_xfer_continue
                0x20000cec       0x40 CMakeFiles/helloworld.dir/home/roy/pico-sdk/lib/tinyusb/src/portable/raspberrypi/rp2040/rp2040_usb.c.obj
                0x20000cec                hw_endpoint_xfer_continue
 .time_critical.tinyusb
                0x20000d2c      0x1e4 CMakeFiles/helloworld.dir/home/roy/pico-sdk/lib/tinyusb/src/device/usbd.c.obj
                0x20000d2c                dcd_event_handler
 *(.text*)
 .text          0x20000f10        0x4 /usr/lib/gcc/arm-none-eabi/13.2.1/thumb/v6-m/nofp/libgcc.a(_dvmd_tls.o)
                0x20000f10                __aeabi_ldiv0
                0x20000f10                __aeabi_idiv0
 *fill*         0x20000f14        0x4 
 .text.__stub   0x20000f18       0x80 linker stubs
                0x20000f98                        . = ALIGN (0x4)
 *(.rodata*)
                0x20000f98                        . = ALIGN (0x4)
 *(.data*)
 .data.striped_spin_lock_num
                0x20000f98        0x1 CMakeFiles/helloworld.dir/home/roy/pico-sdk/src/rp2_common/hardware_sync/sync.c.obj
 *fill*         0x20000f99        0x3 
 .data          0x20000f9c       0x48 CMakeFiles/helloworld.dir/home/roy/pico-sdk/src/rp2_common/hardware_irq/irq_handler_chain.S.obj
                0x20000f9c                irq_handler_chain_slots
                0x20000fcc                irq_handler_chain_first_slot
                0x20000fd6                irq_handler_chain_remove_tail
 .data.default_alarm_pool
                0x20000fe4       0x18 CMakeFiles/helloworld.dir/home/roy/pico-sdk/src/common/pico_time/time.c.obj
 *fill*         0x20000ffc        0x4 
 .data.aeabi_bits_funcs
                0x20001000       0x10 CMakeFiles/helloworld.dir/home/roy/pico-sdk/src/rp2_common/pico_bit_ops/bit_ops_aeabi.S.obj
                0x20001000                aeabi_bits_funcs
                0x20001010                aeabi_bits_funcs_end
 .data.aeabi_mem_funcs
                0x20001010       0x10 CMakeFiles/helloworld.dir/home/roy/pico-sdk/src/rp2_common/pico_mem_ops/mem_ops_aeabi.S.obj
                0x20001010                aeabi_mem_funcs
                0x20001020                aeabi_mem_funcs_end
 .data.stdio_uart
                0x20001020       0x18 CMakeFiles/helloworld.dir/home/roy/pico-sdk/src/rp2_common/pico_stdio_uart/stdio_uart.c.obj
                0x20001020                stdio_uart
 .data.stdio_usb
                0x20001038       0x18 CMakeFiles/helloworld.dir/home/roy/pico-sdk/src/rp2_common/pico_stdio_usb/stdio_usb.c.obj
                0x20001038                stdio_usb
 .data._usbd_qdef
                0x20001050       0x1c CMakeFiles/helloworld.dir/home/roy/pico-sdk/lib/tinyusb/src/device/usbd.c.obj
                0x20001050                _usbd_qdef
 .data._usbd_rhport
                0x2000106c        0x1 CMakeFiles/helloworld.dir/home/roy/pico-sdk/lib/tinyusb/src/device/usbd.c.obj
                0x20001070                        . = ALIGN (0x4)
 *fill*         0x2000106d        0x3 
 *(.after_data.*)
                0x20001070                        . = ALIGN (0x4)
                0x20001070                        PROVIDE (__mutex_array_start = .)
 *(SORT_BY_NAME(.mutex_array.*))
 *(.mutex_array)
 .mutex_array   0x20001070        0x8 CMakeFiles/helloworld.dir/home/roy/pico-sdk/src/rp2_common/pico_stdio/stdio.c.obj
                0x20001078                        PROVIDE (__mutex_array_end = .)
                0x20001078                        . = ALIGN (0x4)
 *(.jcr)
                0x20001078                        . = ALIGN (0x4)

.tm_clone_table
                0x20001078        0x0 load address 0x10005f04
 .tm_clone_table
                0x20001078        0x0 /usr/lib/gcc/arm-none-eabi/13.2.1/thumb/v6-m/nofp/crtbegin.o
 .tm_clone_table
                0x20001078        0x0 /usr/lib/gcc/arm-none-eabi/13.2.1/thumb/v6-m/nofp/crtend.o

.igot.plt       0x20001078        0x0 load address 0x10005f04
 .igot.plt      0x20001078        0x0 /usr/lib/gcc/arm-none-eabi/13.2.1/thumb/v6-m/nofp/crtbegin.o

.tdata          0x20001078        0x0 load address 0x10005f04
                0x20001078                        . = ALIGN (0x4)
 *(.tdata .tdata.* .gnu.linkonce.td.*)
                0x20001078                        __tdata_end = .
                0x20001078                        PROVIDE (__data_end__ = .)
                0x10004f4c                        __etext = LOADADDR (.data)

.tbss           0x20001078        0x0 load address 0x10005f04
                0x20001078                        . = ALIGN (0x4)
                0x20001078                        __bss_start__ = .
                0x20001078                        __tls_base = .
 *(.tbss .tbss.* .gnu.linkonce.tb.*)
 *(.tcommon)
                0x20001078                        __tls_end = .

.bss            0x20001078     0x1214 load address 0x10005f04
                0x20001078                        . = ALIGN (0x4)
                0x20001078                        __tbss_end = .
 *(SORT_BY_ALIGNMENT(SORT_BY_NAME(.bss*)))
 .bss._vendord_itf
                0x20001078      0x2bc CMakeFiles/helloworld.dir/home/roy/pico-sdk/lib/tinyusb/src/class/vendor/vendor_device.c.obj
 *fill*         0x20001334        0x4 
 .bss.default_alarm_pool_entries
                0x20001338      0x180 CMakeFiles/helloworld.dir/home/roy/pico-sdk/src/common/pico_time/time.c.obj
 .bss.last_avail_time.1
                0x200014b8        0x8 CMakeFiles/helloworld.dir/home/roy/pico-sdk/src/rp2_common/pico_stdio_usb/stdio_usb.c.obj
 .bss.sd_table  0x200014c0      0x100 CMakeFiles/helloworld.dir/home/roy/pico-sdk/src/rp2_common/pico_double/double_init_rom_rp2040.c.obj
                0x200014c0                sd_table
 .bss.sf_table  0x200015c0      0x100 CMakeFiles/helloworld.dir/home/roy/pico-sdk/src/rp2_common/pico_float/float_init_rom_rp2040.c.obj
                0x200015c0                sf_table
 .bss           0x200016c0       0x1c /usr/lib/gcc/arm-none-eabi/13.2.1/thumb/v6-m/nofp/crtbegin.o
 .bss           0x200016dc      0x190 /usr/lib/gcc/arm-none-eabi/13.2.1/../../../arm-none-eabi/lib/thumb/v6-m/nofp/libg.a(libc_a-__atexit.o)
                0x200016dc                __atexit0
 .bss           0x2000186c        0x4 /usr/lib/gcc/arm-none-eabi/13.2.1/../../../arm-none-eabi/lib/thumb/v6-m/nofp/libg.a(libc_a-__call_atexit.o)
                0x2000186c                __atexit
 .bss._app_driver
                0x20001870        0x4 CMakeFiles/helloworld.dir/home/roy/pico-sdk/lib/tinyusb/src/device/usbd.c.obj
 .bss._cdcd_fifo_cfg
                0x20001874        0x1 CMakeFiles/helloworld.dir/home/roy/pico-sdk/lib/tinyusb/src/class/cdc/cdc_device.c.obj
 *fill*         0x20001875        0x3 
 .bss._cdcd_itf
                0x20001878      0x2c8 CMakeFiles/helloworld.dir/home/roy/pico-sdk/lib/tinyusb/src/class/cdc/cdc_device.c.obj
 .bss._ctrl_xfer
                0x20001b40       0x14 CMakeFiles/helloworld.dir/home/roy/pico-sdk/lib/tinyusb/src/device/usbd_control.c.obj
 .bss._ubsd_mutexdef
                0x20001b54        0x8 CMakeFiles/helloworld.dir/home/roy/pico-sdk/lib/tinyusb/src/device/usbd.c.obj
 .bss._usbd_ctrl_buf
                0x20001b5c       0x40 CMakeFiles/helloworld.dir/home/roy/pico-sdk/lib/tinyusb/src/device/usbd_control.c.obj
 .bss._usbd_dev
                0x20001b9c       0x54 CMakeFiles/helloworld.dir/home/roy/pico-sdk/lib/tinyusb/src/device/usbd.c.obj
 .bss._usbd_mutex
                0x20001bf0        0x4 CMakeFiles/helloworld.dir/home/roy/pico-sdk/lib/tinyusb/src/device/usbd.c.obj
 .bss._usbd_q   0x20001bf4        0x4 CMakeFiles/helloworld.dir/home/roy/pico-sdk/lib/tinyusb/src/device/usbd.c.obj
 .bss._usbd_qdef_buf
                0x20001bf8       0xc0 CMakeFiles/helloworld.dir/home/roy/pico-sdk/lib/tinyusb/src/device/usbd.c.obj
                0x20001bf8                _usbd_qdef_buf
 .bss.boot2_copyout
                0x20001cb8      0x100 CMakeFiles/helloworld.dir/home/roy/pico-sdk/src/rp2_common/hardware_flash/flash.c.obj
 .bss.chars_available_callback
                0x20001db8        0x4 CMakeFiles/helloworld.dir/home/roy/pico-sdk/src/rp2_common/pico_stdio_uart/stdio_uart.c.obj
 .bss.chars_available_callback
                0x20001dbc        0x4 CMakeFiles/helloworld.dir/home/roy/pico-sdk/src/rp2_common/pico_stdio_usb/stdio_usb.c.obj
 .bss.chars_available_param
                0x20001dc0        0x4 CMakeFiles/helloworld.dir/home/roy/pico-sdk/src/rp2_common/pico_stdio_uart/stdio_uart.c.obj
 .bss.chars_available_param
                0x20001dc4        0x4 CMakeFiles/helloworld.dir/home/roy/pico-sdk/src/rp2_common/pico_stdio_usb/stdio_usb.c.obj
 .bss.claimed   0x20001dc8        0x4 CMakeFiles/helloworld.dir/home/roy/pico-sdk/src/rp2_common/hardware_sync/sync.c.obj
 .bss.claimed   0x20001dcc        0x1 CMakeFiles/helloworld.dir/home/roy/pico-sdk/src/rp2_common/hardware_timer/timer.c.obj
 *fill*         0x20001dcd        0x3 
 .bss.configured_freq
                0x20001dd0       0x28 CMakeFiles/helloworld.dir/home/roy/pico-sdk/src/rp2_common/hardware_clocks/clocks.c.obj
 .bss.desc_str.0
                0x20001df8       0x28 CMakeFiles/helloworld.dir/home/roy/pico-sdk/src/rp2_common/pico_stdio_usb/stdio_usb_descriptors.c.obj
 .bss.drivers   0x20001e20        0x4 CMakeFiles/helloworld.dir/home/roy/pico-sdk/src/rp2_common/pico_stdio/stdio.c.obj
 .bss.e15_last_sof
                0x20001e24        0x4 CMakeFiles/helloworld.dir/home/roy/pico-sdk/lib/tinyusb/src/portable/raspberrypi/rp2040/rp2040_usb.c.obj
                0x20001e24                e15_last_sof
 .bss.filter    0x20001e28        0x4 CMakeFiles/helloworld.dir/home/roy/pico-sdk/src/rp2_common/pico_stdio/stdio.c.obj
 .bss.hw_endpoints
                0x20001e2c      0x400 CMakeFiles/helloworld.dir/home/roy/pico-sdk/lib/tinyusb/src/portable/raspberrypi/rp2040/dcd_rp2040.c.obj
 .bss.lazy_vsnprintf
                0x2000222c        0x4 CMakeFiles/helloworld.dir/home/roy/pico-sdk/src/rp2_common/pico_printf/printf.c.obj
 .bss.load_value
                0x20002230        0x4 CMakeFiles/helloworld.dir/home/roy/pico-sdk/src/rp2_common/hardware_watchdog/watchdog.c.obj
 .bss.next_buffer_ptr
                0x20002234        0x4 CMakeFiles/helloworld.dir/home/roy/pico-sdk/lib/tinyusb/src/portable/raspberrypi/rp2040/dcd_rp2040.c.obj
 .bss.one_shot_timer_crit_sec
                0x20002238        0x8 CMakeFiles/helloworld.dir/home/roy/pico-sdk/src/rp2_common/pico_stdio_usb/stdio_usb.c.obj
 .bss.pools     0x20002240       0x10 CMakeFiles/helloworld.dir/home/roy/pico-sdk/src/common/pico_time/time.c.obj
 .bss.retrieved_id
                0x20002250        0x8 CMakeFiles/helloworld.dir/home/roy/pico-sdk/src/rp2_common/pico_unique_id/unique_id.c.obj
 .bss.sf_clz_func
                0x20002258        0x4 CMakeFiles/helloworld.dir/home/roy/pico-sdk/src/rp2_common/pico_double/double_init_rom_rp2040.c.obj
                0x20002258                sf_clz_func
 .bss.sleep_notifier
                0x2000225c        0x4 CMakeFiles/helloworld.dir/home/roy/pico-sdk/src/common/pico_time/time.c.obj
 .bss.stdio_usb_mutex
                0x20002260        0x8 CMakeFiles/helloworld.dir/home/roy/pico-sdk/src/rp2_common/pico_stdio_usb/stdio_usb.c.obj
 .bss.uart_char_to_line_feed
                0x20002268        0x4 CMakeFiles/helloworld.dir/home/roy/pico-sdk/src/rp2_common/hardware_uart/uart.c.obj
                0x20002268                uart_char_to_line_feed
 .bss.uart_instance
                0x2000226c        0x4 CMakeFiles/helloworld.dir/home/roy/pico-sdk/src/rp2_common/pico_stdio_uart/stdio_uart.c.obj
 .bss.usbd_serial_str
                0x20002270       0x11 CMakeFiles/helloworld.dir/home/roy/pico-sdk/src/rp2_common/pico_stdio_usb/stdio_usb_descriptors.c.obj
 .bss._app_driver_count
                0x20002281        0x1 CMakeFiles/helloworld.dir/home/roy/pico-sdk/lib/tinyusb/src/device/usbd.c.obj
 .bss._sof_enable
                0x20002282        0x1 CMakeFiles/helloworld.dir/home/roy/pico-sdk/lib/tinyusb/src/portable/raspberrypi/rp2040/dcd_rp2040.c.obj
 .bss._usbd_queued_setup
                0x20002283        0x1 CMakeFiles/helloworld.dir/home/roy/pico-sdk/lib/tinyusb/src/device/usbd.c.obj
 .bss.boot2_copyout_valid
                0x20002284        0x1 CMakeFiles/helloworld.dir/home/roy/pico-sdk/src/rp2_common/hardware_flash/flash.c.obj
 .bss.irq_handler_chain_free_slot_head
                0x20002285        0x1 CMakeFiles/helloworld.dir/home/roy/pico-sdk/src/rp2_common/hardware_irq/irq.c.obj
 .bss.itf_num   0x20002286        0x1 CMakeFiles/helloworld.dir/home/roy/pico-sdk/src/rp2_common/pico_stdio_usb/reset_interface.c.obj
 .bss.low_priority_irq_num
                0x20002287        0x1 CMakeFiles/helloworld.dir/home/roy/pico-sdk/src/rp2_common/pico_stdio_usb/stdio_usb.c.obj
 .bss.one_shot_timer_pending
                0x20002288        0x1 CMakeFiles/helloworld.dir/home/roy/pico-sdk/src/rp2_common/pico_stdio_usb/stdio_usb.c.obj
 .bss.user_irq_claimed
                0x20002289        0x1 CMakeFiles/helloworld.dir/home/roy/pico-sdk/src/rp2_common/hardware_irq/irq.c.obj
 *(COMMON)
                0x2000228c                        . = ALIGN (0x4)
 *fill*         0x2000228a        0x2 
                0x2000228c                        __bss_end__ = .

.heap           0x2000228c    0x3dd74 load address 0x10005f04
                0x2000228c                        __end__ = .
                0x2000228c                        end = __end__
 *(.heap*)
 .heap          0x2000228c      0x800 CMakeFiles/helloworld.dir/home/roy/pico-sdk/src/rp2_common/pico_crt0/crt0.S.obj
                0x20040000                        . = (ORIGIN (RAM) + LENGTH (RAM))
 *fill*         0x20002a8c    0x3d574 
                0x20040000                        __HeapLimit = .

.scratch_x      0x20040000        0x0 load address 0x10005f04
                0x20040000                        __scratch_x_start__ = .
 *(.scratch_x.*)
                0x20040000                        . = ALIGN (0x4)
                0x20040000                        __scratch_x_end__ = .
                0x10005f04                        __scratch_x_source__ = LOADADDR (.scratch_x)

.scratch_y      0x20041000        0x0 load address 0x10005f04
                0x20041000                        __scratch_y_start__ = .
 *(.scratch_y.*)
                0x20041000                        . = ALIGN (0x4)
                0x20041000                        __scratch_y_end__ = .
                0x10005f04                        __scratch_y_source__ = LOADADDR (.scratch_y)

.stack1_dummy
 *(.stack1*)

.stack_dummy    0x20041000      0x800
 *(.stack*)
 .stack         0x20041000      0x800 CMakeFiles/helloworld.dir/home/roy/pico-sdk/src/rp2_common/pico_crt0/crt0.S.obj

.flash_end      0x10005f04        0x0
 *(.embedded_end_block*)
                0x10005f04                        PROVIDE (__flash_binary_end = .)
                0x20040000                        __StackLimit = (ORIGIN (RAM) + LENGTH (RAM))
                0x20041000                        __StackOneTop = (ORIGIN (SCRATCH_X) + LENGTH (SCRATCH_X))
                0x20042000                        __StackTop = (ORIGIN (SCRATCH_Y) + LENGTH (SCRATCH_Y))
                0x20041000                        __StackOneBottom = (__StackOneTop - SIZEOF (.stack1_dummy))
                0x20041800                        __StackBottom = (__StackTop - SIZEOF (.stack_dummy))
                0x20042000                        PROVIDE (__stack = __StackTop)
                [!provide]                        PROVIDE (__heap_start = __end__)
                [!provide]                        PROVIDE (__heap_end = __HeapLimit)
                [!provide]                        PROVIDE (__tls_align = MAX (ALIGNOF (.tdata), ALIGNOF (.tbss)))
                [!provide]                        PROVIDE (__tls_size_align = (((__tls_size + __tls_align) - 0x1) & ~ ((__tls_align - 0x1))))
                [!provide]                        PROVIDE (__arm32_tls_tcb_offset = MAX (0x8, __tls_align))
                [!provide]                        PROVIDE (_end = __end__)
                [!provide]                        PROVIDE (__llvm_libc_heap_limit = __HeapLimit)
                0x00000001                        ASSERT ((__StackLimit >= __HeapLimit), region RAM overflowed)
                0x00000001                        ASSERT (((__binary_info_header_end - __logical_binary_start) <= 0x100), Binary info must be in first 256 bytes of the binary)
LOAD CMakeFiles/helloworld.dir/main.c.obj
LOAD CMakeFiles/helloworld.dir/home/roy/pico-sdk/src/rp2_common/pico_stdlib/stdlib.c.obj
LOAD CMakeFiles/helloworld.dir/home/roy/pico-sdk/src/rp2_common/hardware_gpio/gpio.c.obj
LOAD CMakeFiles/helloworld.dir/home/roy/pico-sdk/src/rp2040/pico_platform/platform.c.obj
LOAD CMakeFiles/helloworld.dir/home/roy/pico-sdk/src/rp2_common/pico_platform_panic/panic.c.obj
LOAD CMakeFiles/helloworld.dir/home/roy/pico-sdk/src/common/hardware_claim/claim.c.obj
LOAD CMakeFiles/helloworld.dir/home/roy/pico-sdk/src/rp2_common/hardware_sync/sync.c.obj
LOAD CMakeFiles/helloworld.dir/home/roy/pico-sdk/src/rp2_common/hardware_sync_spin_lock/sync_spin_lock.c.obj
LOAD CMakeFiles/helloworld.dir/home/roy/pico-sdk/src/rp2_common/hardware_irq/irq.c.obj
LOAD CMakeFiles/helloworld.dir/home/roy/pico-sdk/src/rp2_common/hardware_irq/irq_handler_chain.S.obj
LOAD CMakeFiles/helloworld.dir/home/roy/pico-sdk/src/common/pico_sync/sem.c.obj
LOAD CMakeFiles/helloworld.dir/home/roy/pico-sdk/src/common/pico_sync/lock_core.c.obj
LOAD CMakeFiles/helloworld.dir/home/roy/pico-sdk/src/common/pico_sync/mutex.c.obj
LOAD CMakeFiles/helloworld.dir/home/roy/pico-sdk/src/common/pico_sync/critical_section.c.obj
LOAD CMakeFiles/helloworld.dir/home/roy/pico-sdk/src/common/pico_time/time.c.obj
LOAD CMakeFiles/helloworld.dir/home/roy/pico-sdk/src/common/pico_time/timeout_helper.c.obj
LOAD CMakeFiles/helloworld.dir/home/roy/pico-sdk/src/rp2_common/hardware_timer/timer.c.obj
LOAD CMakeFiles/helloworld.dir/home/roy/pico-sdk/src/common/pico_util/datetime.c.obj
LOAD CMakeFiles/helloworld.dir/home/roy/pico-sdk/src/common/pico_util/pheap.c.obj
LOAD CMakeFiles/helloworld.dir/home/roy/pico-sdk/src/common/pico_util/queue.c.obj
LOAD CMakeFiles/helloworld.dir/home/roy/pico-sdk/src/rp2_common/hardware_uart/uart.c.obj
LOAD CMakeFiles/helloworld.dir/home/roy/pico-sdk/src/rp2_common/hardware_clocks/clocks.c.obj
LOAD CMakeFiles/helloworld.dir/home/roy/pico-sdk/src/rp2_common/hardware_pll/pll.c.obj
LOAD CMakeFiles/helloworld.dir/home/roy/pico-sdk/src/rp2_common/hardware_vreg/vreg.c.obj
LOAD CMakeFiles/helloworld.dir/home/roy/pico-sdk/src/rp2_common/hardware_watchdog/watchdog.c.obj
LOAD CMakeFiles/helloworld.dir/home/roy/pico-sdk/src/rp2_common/hardware_ticks/ticks.c.obj
LOAD CMakeFiles/helloworld.dir/home/roy/pico-sdk/src/rp2_common/hardware_xosc/xosc.c.obj
LOAD CMakeFiles/helloworld.dir/home/roy/pico-sdk/src/rp2_common/hardware_divider/divider.S.obj
LOAD CMakeFiles/helloworld.dir/home/roy/pico-sdk/src/rp2_common/pico_runtime/runtime.c.obj
LOAD CMakeFiles/helloworld.dir/home/roy/pico-sdk/src/rp2_common/pico_runtime_init/runtime_init.c.obj
LOAD CMakeFiles/helloworld.dir/home/roy/pico-sdk/src/rp2_common/pico_runtime_init/runtime_init_clocks.c.obj
LOAD CMakeFiles/helloworld.dir/home/roy/pico-sdk/src/rp2_common/pico_runtime_init/runtime_init_stack_guard.c.obj
LOAD CMakeFiles/helloworld.dir/home/roy/pico-sdk/src/rp2_common/pico_bit_ops/bit_ops_aeabi.S.obj
LOAD CMakeFiles/helloworld.dir/home/roy/pico-sdk/src/rp2_common/pico_bootrom/bootrom.c.obj
LOAD CMakeFiles/helloworld.dir/home/roy/pico-sdk/src/rp2_common/pico_bootrom/bootrom_lock.c.obj
LOAD CMakeFiles/helloworld.dir/home/roy/pico-sdk/src/rp2_common/hardware_boot_lock/boot_lock.c.obj
LOAD CMakeFiles/helloworld.dir/home/roy/pico-sdk/src/rp2_common/pico_divider/divider_hardware.S.obj
LOAD CMakeFiles/helloworld.dir/home/roy/pico-sdk/src/rp2_common/pico_double/double_aeabi_rp2040.S.obj
LOAD CMakeFiles/helloworld.dir/home/roy/pico-sdk/src/rp2_common/pico_double/double_init_rom_rp2040.c.obj
LOAD CMakeFiles/helloworld.dir/home/roy/pico-sdk/src/rp2_common/pico_double/double_math.c.obj
LOAD CMakeFiles/helloworld.dir/home/roy/pico-sdk/src/rp2_common/pico_double/double_v1_rom_shim_rp2040.S.obj
LOAD CMakeFiles/helloworld.dir/home/roy/pico-sdk/src/rp2_common/pico_int64_ops/pico_int64_ops_aeabi.S.obj
LOAD CMakeFiles/helloworld.dir/home/roy/pico-sdk/src/rp2_common/pico_float/float_aeabi_rp2040.S.obj
LOAD CMakeFiles/helloworld.dir/home/roy/pico-sdk/src/rp2_common/pico_float/float_init_rom_rp2040.c.obj
LOAD CMakeFiles/helloworld.dir/home/roy/pico-sdk/src/rp2_common/pico_float/float_math.c.obj
LOAD CMakeFiles/helloworld.dir/home/roy/pico-sdk/src/rp2_common/pico_float/float_v1_rom_shim_rp2040.S.obj
LOAD CMakeFiles/helloworld.dir/home/roy/pico-sdk/src/rp2_common/pico_malloc/malloc.c.obj
LOAD CMakeFiles/helloworld.dir/home/roy/pico-sdk/src/rp2_common/pico_mem_ops/mem_ops_aeabi.S.obj
LOAD CMakeFiles/helloworld.dir/home/roy/pico-sdk/src/rp2_common/pico_atomic/atomic.c.obj
LOAD CMakeFiles/helloworld.dir/home/roy/pico-sdk/src/rp2_common/pico_cxx_options/new_delete.cpp.obj
LOAD CMakeFiles/helloworld.dir/home/roy/pico-sdk/src/rp2_common/pico_standard_binary_info/standard_binary_info.c.obj
LOAD CMakeFiles/helloworld.dir/home/roy/pico-sdk/src/rp2_common/pico_printf/printf.c.obj
LOAD CMakeFiles/helloworld.dir/home/roy/pico-sdk/src/rp2_common/pico_crt0/crt0.S.obj
LOAD CMakeFiles/helloworld.dir/home/roy/pico-sdk/src/rp2_common/pico_clib_interface/newlib_interface.c.obj
LOAD CMakeFiles/helloworld.dir/home/roy/pico-sdk/src/rp2_common/pico_stdio/stdio.c.obj
LOAD CMakeFiles/helloworld.dir/home/roy/pico-sdk/src/rp2_common/pico_stdio_uart/stdio_uart.c.obj
LOAD CMakeFiles/helloworld.dir/home/roy/pico-sdk/src/rp2_common/pico_stdio_usb/reset_interface.c.obj
LOAD CMakeFiles/helloworld.dir/home/roy/pico-sdk/src/rp2_common/pico_stdio_usb/stdio_usb.c.obj
LOAD CMakeFiles/helloworld.dir/home/roy/pico-sdk/src/rp2_common/pico_stdio_usb/stdio_usb_descriptors.c.obj
LOAD CMakeFiles/helloworld.dir/home/roy/pico-sdk/src/rp2_common/pico_unique_id/unique_id.c.obj
LOAD CMakeFiles/helloworld.dir/home/roy/pico-sdk/src/rp2_common/hardware_flash/flash.c.obj
LOAD CMakeFiles/helloworld.dir/home/roy/pico-sdk/lib/tinyusb/src/portable/raspberrypi/rp2040/dcd_rp2040.c.obj
LOAD CMakeFiles/helloworld.dir/home/roy/pico-sdk/lib/tinyusb/src/portable/raspberrypi/rp2040/rp2040_usb.c.obj
LOAD CMakeFiles/helloworld.dir/home/roy/pico-sdk/lib/tinyusb/src/device/usbd.c.obj
LOAD CMakeFiles/helloworld.dir/home/roy/pico-sdk/lib/tinyusb/src/device/usbd_control.c.obj
LOAD CMakeFiles/helloworld.dir/home/roy/pico-sdk/lib/tinyusb/src/class/audio/audio_device.c.obj
LOAD CMakeFiles/helloworld.dir/home/roy/pico-sdk/lib/tinyusb/src/class/cdc/cdc_device.c.obj
LOAD CMakeFiles/helloworld.dir/home/roy/pico-sdk/lib/tinyusb/src/class/dfu/dfu_device.c.obj
LOAD CMakeFiles/helloworld.dir/home/roy/pico-sdk/lib/tinyusb/src/class/dfu/dfu_rt_device.c.obj
LOAD CMakeFiles/helloworld.dir/home/roy/pico-sdk/lib/tinyusb/src/class/hid/hid_device.c.obj
LOAD CMakeFiles/helloworld.dir/home/roy/pico-sdk/lib/tinyusb/src/class/midi/midi_device.c.obj
LOAD CMakeFiles/helloworld.dir/home/roy/pico-sdk/lib/tinyusb/src/class/msc/msc_device.c.obj
LOAD CMakeFiles/helloworld.dir/home/roy/pico-sdk/lib/tinyusb/src/class/net/ecm_rndis_device.c.obj
LOAD CMakeFiles/helloworld.dir/home/roy/pico-sdk/lib/tinyusb/src/class/net/ncm_device.c.obj
LOAD CMakeFiles/helloworld.dir/home/roy/pico-sdk/lib/tinyusb/src/class/usbtmc/usbtmc_device.c.obj
LOAD CMakeFiles/helloworld.dir/home/roy/pico-sdk/lib/tinyusb/src/class/vendor/vendor_device.c.obj
LOAD CMakeFiles/helloworld.dir/home/roy/pico-sdk/lib/tinyusb/src/class/video/video_device.c.obj
LOAD CMakeFiles/helloworld.dir/home/roy/pico-sdk/lib/tinyusb/src/tusb.c.obj
LOAD CMakeFiles/helloworld.dir/home/roy/pico-sdk/lib/tinyusb/src/common/tusb_fifo.c.obj
LOAD CMakeFiles/helloworld.dir/home/roy/pico-sdk/src/rp2_common/pico_fix/rp2040_usb_device_enumeration/rp2040_usb_device_enumeration.c.obj
LOAD /tmp/ccPirh57.o
LOAD /usr/lib/gcc/arm-none-eabi/13.2.1/../../../arm-none-eabi/lib/thumb/v6-m/nofp/libstdc++.a
LOAD /usr/lib/gcc/arm-none-eabi/13.2.1/../../../arm-none-eabi/lib/thumb/v6-m/nofp/libm.a
START GROUP
LOAD /usr/lib/gcc/arm-none-eabi/13.2.1/thumb/v6-m/nofp/libgcc.a
LOAD /usr/lib/gcc/arm-none-eabi/13.2.1/../../../arm-none-eabi/lib/thumb/v6-m/nofp/libg.a
LOAD /usr/lib/gcc/arm-none-eabi/13.2.1/../../../arm-none-eabi/lib/thumb/v6-m/nofp/libc.a
END GROUP
START GROUP
LOAD /usr/lib/gcc/arm-none-eabi/13.2.1/thumb/v6-m/nofp/libgcc.a
LOAD /usr/lib/gcc/arm-none-eabi/13.2.1/../../../arm-none-eabi/lib/thumb/v6-m/nofp/libc.a
LOAD /usr/lib/gcc/arm-none-eabi/13.2.1/../../../arm-none-eabi/lib/thumb/v6-m/nofp/libnosys.a
END GROUP
LOAD /usr/lib/gcc/arm-none-eabi/13.2.1/thumb/v6-m/nofp/crtend.o
LOAD /usr/lib/gcc/arm-none-eabi/13.2.1/thumb/v6-m/nofp/crtn.o
OUTPUT(helloworld.elf elf32-littlearm)
LOAD linker stubs

.ARM.attributes
                0x00000000       0x28
 .ARM.attributes
                0x00000000       0x1e /usr/lib/gcc/arm-none-eabi/13.2.1/thumb/v6-m/nofp/crti.o
 .ARM.attributes
                0x0000001e       0x2c /usr/lib/gcc/arm-none-eabi/13.2.1/thumb/v6-m/nofp/crtbegin.o
 .ARM.attributes
                0x0000004a       0x2c CMakeFiles/helloworld.dir/main.c.obj
 .ARM.attributes
                0x00000076       0x2c CMakeFiles/helloworld.dir/home/roy/pico-sdk/src/rp2_common/hardware_gpio/gpio.c.obj
 .ARM.attributes
                0x000000a2       0x2c CMakeFiles/helloworld.dir/home/roy/pico-sdk/src/rp2040/pico_platform/platform.c.obj
 .ARM.attributes
                0x000000ce       0x2c CMakeFiles/helloworld.dir/home/roy/pico-sdk/src/rp2_common/pico_platform_panic/panic.c.obj
 .ARM.attributes
                0x000000fa       0x2c CMakeFiles/helloworld.dir/home/roy/pico-sdk/src/common/hardware_claim/claim.c.obj
 .ARM.attributes
                0x00000126       0x2c CMakeFiles/helloworld.dir/home/roy/pico-sdk/src/rp2_common/hardware_sync/sync.c.obj
 .ARM.attributes
                0x00000152       0x2c CMakeFiles/helloworld.dir/home/roy/pico-sdk/src/rp2_common/hardware_sync_spin_lock/sync_spin_lock.c.obj
 .ARM.attributes
                0x0000017e       0x2c CMakeFiles/helloworld.dir/home/roy/pico-sdk/src/rp2_common/hardware_irq/irq.c.obj
 .ARM.attributes
                0x000001aa       0x22 CMakeFiles/helloworld.dir/home/roy/pico-sdk/src/rp2_common/hardware_irq/irq_handler_chain.S.obj
 .ARM.attributes
                0x000001cc       0x2c CMakeFiles/helloworld.dir/home/roy/pico-sdk/src/common/pico_sync/lock_core.c.obj
 .ARM.attributes
                0x000001f8       0x2c CMakeFiles/helloworld.dir/home/roy/pico-sdk/src/common/pico_sync/mutex.c.obj
 .ARM.attributes
                0x00000224       0x2c CMakeFiles/helloworld.dir/home/roy/pico-sdk/src/common/pico_sync/critical_section.c.obj
 .ARM.attributes
                0x00000250       0x2c CMakeFiles/helloworld.dir/home/roy/pico-sdk/src/common/pico_time/time.c.obj
 .ARM.attributes
                0x0000027c       0x2c CMakeFiles/helloworld.dir/home/roy/pico-sdk/src/rp2_common/hardware_timer/timer.c.obj
 .ARM.attributes
                0x000002a8       0x2c CMakeFiles/helloworld.dir/home/roy/pico-sdk/src/rp2_common/hardware_uart/uart.c.obj
 .ARM.attributes
                0x000002d4       0x2c CMakeFiles/helloworld.dir/home/roy/pico-sdk/src/rp2_common/hardware_clocks/clocks.c.obj
 .ARM.attributes
                0x00000300       0x2c CMakeFiles/helloworld.dir/home/roy/pico-sdk/src/rp2_common/hardware_pll/pll.c.obj
 .ARM.attributes
                0x0000032c       0x2c CMakeFiles/helloworld.dir/home/roy/pico-sdk/src/rp2_common/hardware_watchdog/watchdog.c.obj
 .ARM.attributes
                0x00000358       0x2c CMakeFiles/helloworld.dir/home/roy/pico-sdk/src/rp2_common/hardware_ticks/ticks.c.obj
 .ARM.attributes
                0x00000384       0x2c CMakeFiles/helloworld.dir/home/roy/pico-sdk/src/rp2_common/hardware_xosc/xosc.c.obj
 .ARM.attributes
                0x000003b0       0x2c CMakeFiles/helloworld.dir/home/roy/pico-sdk/src/rp2_common/pico_runtime/runtime.c.obj
 .ARM.attributes
                0x000003dc       0x2c CMakeFiles/helloworld.dir/home/roy/pico-sdk/src/rp2_common/pico_runtime_init/runtime_init.c.obj
 .ARM.attributes
                0x00000408       0x2c CMakeFiles/helloworld.dir/home/roy/pico-sdk/src/rp2_common/pico_runtime_init/runtime_init_clocks.c.obj
 .ARM.attributes
                0x00000434       0x22 CMakeFiles/helloworld.dir/home/roy/pico-sdk/src/rp2_common/pico_bit_ops/bit_ops_aeabi.S.obj
 .ARM.attributes
                0x00000456       0x2c CMakeFiles/helloworld.dir/home/roy/pico-sdk/src/rp2_common/pico_bootrom/bootrom.c.obj
 .ARM.attributes
                0x00000482       0x22 CMakeFiles/helloworld.dir/home/roy/pico-sdk/src/rp2_common/pico_divider/divider_hardware.S.obj
 .ARM.attributes
                0x000004a4       0x22 CMakeFiles/helloworld.dir/home/roy/pico-sdk/src/rp2_common/pico_double/double_aeabi_rp2040.S.obj
 .ARM.attributes
                0x000004c6       0x2c CMakeFiles/helloworld.dir/home/roy/pico-sdk/src/rp2_common/pico_double/double_init_rom_rp2040.c.obj
 .ARM.attributes
                0x000004f2       0x22 CMakeFiles/helloworld.dir/home/roy/pico-sdk/src/rp2_common/pico_double/double_v1_rom_shim_rp2040.S.obj
 .ARM.attributes
                0x00000514       0x22 CMakeFiles/helloworld.dir/home/roy/pico-sdk/src/rp2_common/pico_int64_ops/pico_int64_ops_aeabi.S.obj
 .ARM.attributes
                0x00000536       0x22 CMakeFiles/helloworld.dir/home/roy/pico-sdk/src/rp2_common/pico_float/float_aeabi_rp2040.S.obj
 .ARM.attributes
                0x00000558       0x2c CMakeFiles/helloworld.dir/home/roy/pico-sdk/src/rp2_common/pico_float/float_init_rom_rp2040.c.obj
 .ARM.attributes
                0x00000584       0x22 CMakeFiles/helloworld.dir/home/roy/pico-sdk/src/rp2_common/pico_float/float_v1_rom_shim_rp2040.S.obj
 .ARM.attributes
                0x000005a6       0x22 CMakeFiles/helloworld.dir/home/roy/pico-sdk/src/rp2_common/pico_mem_ops/mem_ops_aeabi.S.obj
 .ARM.attributes
                0x000005c8       0x2c CMakeFiles/helloworld.dir/home/roy/pico-sdk/src/rp2_common/pico_standard_binary_info/standard_binary_info.c.obj
 .ARM.attributes
                0x000005f4       0x2c CMakeFiles/helloworld.dir/home/roy/pico-sdk/src/rp2_common/pico_printf/printf.c.obj
 .ARM.attributes
                0x00000620       0x22 CMakeFiles/helloworld.dir/home/roy/pico-sdk/src/rp2_common/pico_crt0/crt0.S.obj
 .ARM.attributes
                0x00000642       0x2c CMakeFiles/helloworld.dir/home/roy/pico-sdk/src/rp2_common/pico_clib_interface/newlib_interface.c.obj
 .ARM.attributes
                0x0000066e       0x2c CMakeFiles/helloworld.dir/home/roy/pico-sdk/src/rp2_common/pico_stdio/stdio.c.obj
 .ARM.attributes
                0x0000069a       0x2c CMakeFiles/helloworld.dir/home/roy/pico-sdk/src/rp2_common/pico_stdio_uart/stdio_uart.c.obj
 .ARM.attributes
                0x000006c6       0x2c CMakeFiles/helloworld.dir/home/roy/pico-sdk/src/rp2_common/pico_stdio_usb/reset_interface.c.obj
 .ARM.attributes
                0x000006f2       0x2c CMakeFiles/helloworld.dir/home/roy/pico-sdk/src/rp2_common/pico_stdio_usb/stdio_usb.c.obj
 .ARM.attributes
                0x0000071e       0x2c CMakeFiles/helloworld.dir/home/roy/pico-sdk/src/rp2_common/pico_stdio_usb/stdio_usb_descriptors.c.obj
 .ARM.attributes
                0x0000074a       0x2c CMakeFiles/helloworld.dir/home/roy/pico-sdk/src/rp2_common/pico_unique_id/unique_id.c.obj
 .ARM.attributes
                0x00000776       0x2c CMakeFiles/helloworld.dir/home/roy/pico-sdk/src/rp2_common/hardware_flash/flash.c.obj
 .ARM.attributes
                0x000007a2       0x2c CMakeFiles/helloworld.dir/home/roy/pico-sdk/lib/tinyusb/src/portable/raspberrypi/rp2040/dcd_rp2040.c.obj
 .ARM.attributes
                0x000007ce       0x2c CMakeFiles/helloworld.dir/home/roy/pico-sdk/lib/tinyusb/src/portable/raspberrypi/rp2040/rp2040_usb.c.obj
 .ARM.attributes
                0x000007fa       0x2c CMakeFiles/helloworld.dir/home/roy/pico-sdk/lib/tinyusb/src/device/usbd.c.obj
 .ARM.attributes
                0x00000826       0x2c CMakeFiles/helloworld.dir/home/roy/pico-sdk/lib/tinyusb/src/device/usbd_control.c.obj
 .ARM.attributes
                0x00000852       0x2c CMakeFiles/helloworld.dir/home/roy/pico-sdk/lib/tinyusb/src/class/cdc/cdc_device.c.obj
 .ARM.attributes
                0x0000087e       0x2c CMakeFiles/helloworld.dir/home/roy/pico-sdk/lib/tinyusb/src/class/vendor/vendor_device.c.obj
 .ARM.attributes
                0x000008aa       0x2c CMakeFiles/helloworld.dir/home/roy/pico-sdk/lib/tinyusb/src/tusb.c.obj
 .ARM.attributes
                0x000008d6       0x2c CMakeFiles/helloworld.dir/home/roy/pico-sdk/lib/tinyusb/src/common/tusb_fifo.c.obj
 .ARM.attributes
                0x00000902       0x22 /tmp/ccPirh57.o
 .ARM.attributes
                0x00000924       0x1e /usr/lib/gcc/arm-none-eabi/13.2.1/thumb/v6-m/nofp/libgcc.a(_dvmd_tls.o)
 .ARM.attributes
                0x00000942       0x2c /usr/lib/gcc/arm-none-eabi/13.2.1/../../../arm-none-eabi/lib/thumb/v6-m/nofp/libg.a(libc_a-atexit.o)
 .ARM.attributes
                0x0000096e       0x2c /usr/lib/gcc/arm-none-eabi/13.2.1/../../../arm-none-eabi/lib/thumb/v6-m/nofp/libg.a(libc_a-strlen-stub.o)
 .ARM.attributes